Archive member included to satisfy reference by file (symbol)

C:/ST/STM32CubeIDE_1.14.1/STM32CubeIDE/plugins/com.st.stm32cube.ide.mcu.externaltools.gnu-tools-for-stm32.11.3.rel1.win32_1.1.100.202309141235/tools/bin/../lib/gcc/arm-none-eabi/11.3.1/../../../../arm-none-eabi/lib/thumb/v7e-m+fp/hard\libc_nano.a(libc_a-exit.o)
                              C:/ST/STM32CubeIDE_1.14.1/STM32CubeIDE/plugins/com.st.stm32cube.ide.mcu.externaltools.gnu-tools-for-stm32.11.3.rel1.win32_1.1.100.202309141235/tools/bin/../lib/gcc/arm-none-eabi/11.3.1/../../../../arm-none-eabi/lib/thumb/v7e-m+fp/hard/crt0.o (exit)
C:/ST/STM32CubeIDE_1.14.1/STM32CubeIDE/plugins/com.st.stm32cube.ide.mcu.externaltools.gnu-tools-for-stm32.11.3.rel1.win32_1.1.100.202309141235/tools/bin/../lib/gcc/arm-none-eabi/11.3.1/../../../../arm-none-eabi/lib/thumb/v7e-m+fp/hard\libc_nano.a(libc_a-findfp.o)
                              C:/ST/STM32CubeIDE_1.14.1/STM32CubeIDE/plugins/com.st.stm32cube.ide.mcu.externaltools.gnu-tools-for-stm32.11.3.rel1.win32_1.1.100.202309141235/tools/bin/../lib/gcc/arm-none-eabi/11.3.1/../../../../arm-none-eabi/lib/thumb/v7e-m+fp/hard\libc_nano.a(libc_a-exit.o) (__stdio_exit_handler)
C:/ST/STM32CubeIDE_1.14.1/STM32CubeIDE/plugins/com.st.stm32cube.ide.mcu.externaltools.gnu-tools-for-stm32.11.3.rel1.win32_1.1.100.202309141235/tools/bin/../lib/gcc/arm-none-eabi/11.3.1/../../../../arm-none-eabi/lib/thumb/v7e-m+fp/hard\libc_nano.a(libc_a-fwalk.o)
                              C:/ST/STM32CubeIDE_1.14.1/STM32CubeIDE/plugins/com.st.stm32cube.ide.mcu.externaltools.gnu-tools-for-stm32.11.3.rel1.win32_1.1.100.202309141235/tools/bin/../lib/gcc/arm-none-eabi/11.3.1/../../../../arm-none-eabi/lib/thumb/v7e-m+fp/hard\libc_nano.a(libc_a-findfp.o) (_fwalk_sglue)
C:/ST/STM32CubeIDE_1.14.1/STM32CubeIDE/plugins/com.st.stm32cube.ide.mcu.externaltools.gnu-tools-for-stm32.11.3.rel1.win32_1.1.100.202309141235/tools/bin/../lib/gcc/arm-none-eabi/11.3.1/../../../../arm-none-eabi/lib/thumb/v7e-m+fp/hard\libc_nano.a(libc_a-stdio.o)
                              C:/ST/STM32CubeIDE_1.14.1/STM32CubeIDE/plugins/com.st.stm32cube.ide.mcu.externaltools.gnu-tools-for-stm32.11.3.rel1.win32_1.1.100.202309141235/tools/bin/../lib/gcc/arm-none-eabi/11.3.1/../../../../arm-none-eabi/lib/thumb/v7e-m+fp/hard\libc_nano.a(libc_a-findfp.o) (__sread)
C:/ST/STM32CubeIDE_1.14.1/STM32CubeIDE/plugins/com.st.stm32cube.ide.mcu.externaltools.gnu-tools-for-stm32.11.3.rel1.win32_1.1.100.202309141235/tools/bin/../lib/gcc/arm-none-eabi/11.3.1/../../../../arm-none-eabi/lib/thumb/v7e-m+fp/hard\libc_nano.a(libc_a-memset.o)
                              C:/ST/STM32CubeIDE_1.14.1/STM32CubeIDE/plugins/com.st.stm32cube.ide.mcu.externaltools.gnu-tools-for-stm32.11.3.rel1.win32_1.1.100.202309141235/tools/bin/../lib/gcc/arm-none-eabi/11.3.1/../../../../arm-none-eabi/lib/thumb/v7e-m+fp/hard/crt0.o (memset)
C:/ST/STM32CubeIDE_1.14.1/STM32CubeIDE/plugins/com.st.stm32cube.ide.mcu.externaltools.gnu-tools-for-stm32.11.3.rel1.win32_1.1.100.202309141235/tools/bin/../lib/gcc/arm-none-eabi/11.3.1/../../../../arm-none-eabi/lib/thumb/v7e-m+fp/hard\libc_nano.a(libc_a-closer.o)
                              C:/ST/STM32CubeIDE_1.14.1/STM32CubeIDE/plugins/com.st.stm32cube.ide.mcu.externaltools.gnu-tools-for-stm32.11.3.rel1.win32_1.1.100.202309141235/tools/bin/../lib/gcc/arm-none-eabi/11.3.1/../../../../arm-none-eabi/lib/thumb/v7e-m+fp/hard\libc_nano.a(libc_a-stdio.o) (_close_r)
C:/ST/STM32CubeIDE_1.14.1/STM32CubeIDE/plugins/com.st.stm32cube.ide.mcu.externaltools.gnu-tools-for-stm32.11.3.rel1.win32_1.1.100.202309141235/tools/bin/../lib/gcc/arm-none-eabi/11.3.1/../../../../arm-none-eabi/lib/thumb/v7e-m+fp/hard\libc_nano.a(libc_a-reent.o)
                              C:/ST/STM32CubeIDE_1.14.1/STM32CubeIDE/plugins/com.st.stm32cube.ide.mcu.externaltools.gnu-tools-for-stm32.11.3.rel1.win32_1.1.100.202309141235/tools/bin/../lib/gcc/arm-none-eabi/11.3.1/../../../../arm-none-eabi/lib/thumb/v7e-m+fp/hard\libc_nano.a(libc_a-closer.o) (errno)
C:/ST/STM32CubeIDE_1.14.1/STM32CubeIDE/plugins/com.st.stm32cube.ide.mcu.externaltools.gnu-tools-for-stm32.11.3.rel1.win32_1.1.100.202309141235/tools/bin/../lib/gcc/arm-none-eabi/11.3.1/../../../../arm-none-eabi/lib/thumb/v7e-m+fp/hard\libc_nano.a(libc_a-impure.o)
                              C:/ST/STM32CubeIDE_1.14.1/STM32CubeIDE/plugins/com.st.stm32cube.ide.mcu.externaltools.gnu-tools-for-stm32.11.3.rel1.win32_1.1.100.202309141235/tools/bin/../lib/gcc/arm-none-eabi/11.3.1/../../../../arm-none-eabi/lib/thumb/v7e-m+fp/hard\libc_nano.a(libc_a-reent.o) (_impure_ptr)
C:/ST/STM32CubeIDE_1.14.1/STM32CubeIDE/plugins/com.st.stm32cube.ide.mcu.externaltools.gnu-tools-for-stm32.11.3.rel1.win32_1.1.100.202309141235/tools/bin/../lib/gcc/arm-none-eabi/11.3.1/../../../../arm-none-eabi/lib/thumb/v7e-m+fp/hard\libc_nano.a(libc_a-lseekr.o)
[...]
Memory Configuration

Name             Origin             Length             Attributes
RAM              0x0000000020000000 0x0000000000020000 xrw
FLASH            0x0000000008000000 0x0000000000080000 xr
*default*        0x0000000000000000 0xffffffffffffffff

Linker script and memory map

LOAD C:/ST/STM32CubeIDE_1.14.1/STM32CubeIDE/plugins/com.st.stm32cube.ide.mcu.externaltools.gnu-tools-for-stm32.11.3.rel1.win32_1.1.100.202309141235/tools/bin/../lib/gcc/arm-none-eabi/11.3.1/thumb/v7e-m+fp/hard/crti.o
LOAD C:/ST/STM32CubeIDE_1.14.1/STM32CubeIDE/plugins/com.st.stm32cube.ide.mcu.externaltools.gnu-tools-for-stm32.11.3.rel1.win32_1.1.100.202309141235/tools/bin/../lib/gcc/arm-none-eabi/11.3.1/thumb/v7e-m+fp/hard/crtbegin.o
LOAD C:/ST/STM32CubeIDE_1.14.1/STM32CubeIDE/plugins/com.st.stm32cube.ide.mcu.externaltools.gnu-tools-for-stm32.11.3.rel1.win32_1.1.100.202309141235/tools/bin/../lib/gcc/arm-none-eabi/11.3.1/../../../../arm-none-eabi/lib/thumb/v7e-m+fp/hard/crt0.o
LOAD ./Core/Src/main.o
LOAD ./Core/Src/stm32f4xx_hal_msp.o
LOAD ./Core/Src/stm32f4xx_it.o
LOAD ./Core/Src/syscalls.o
LOAD ./Core/Src/sysmem.o
LOAD ./Core/Src/system_stm32f4xx.o
LOAD ./Core/Startup/startup_stm32f411retx.o
LOAD ./Drivers/STM32F4xx_HAL_Driver/Src/stm32f4xx_hal.o
LOAD ./Drivers/STM32F4xx_HAL_Driver/Src/stm32f4xx_hal_adc.o
LOAD ./Drivers/STM32F4xx_HAL_Driver/Src/stm32f4xx_hal_adc_ex.o
LOAD ./Drivers/STM32F4xx_HAL_Driver/Src/stm32f4xx_hal_cortex.o
LOAD ./Drivers/STM32F4xx_HAL_Driver/Src/stm32f4xx_hal_dma.o
LOAD ./Drivers/STM32F4xx_HAL_Driver/Src/stm32f4xx_hal_dma_ex.o
LOAD ./Drivers/STM32F4xx_HAL_Driver/Src/stm32f4xx_hal_exti.o
LOAD ./Drivers/STM32F4xx_HAL_Driver/Src/stm32f4xx_hal_flash.o
LOAD ./Drivers/STM32F4xx_HAL_Driver/Src/stm32f4xx_hal_flash_ex.o
LOAD ./Drivers/STM32F4xx_HAL_Driver/Src/stm32f4xx_hal_flash_ramfunc.o
LOAD ./Drivers/STM32F4xx_HAL_Driver/Src/stm32f4xx_hal_gpio.o
LOAD ./Drivers/STM32F4xx_HAL_Driver/Src/stm32f4xx_hal_i2s.o
LOAD ./Drivers/STM32F4xx_HAL_Driver/Src/stm32f4xx_hal_i2s_ex.o
LOAD ./Drivers/STM32F4xx_HAL_Driver/Src/stm32f4xx_hal_pcd.o
LOAD ./Drivers/STM32F4xx_HAL_Driver/Src/stm32f4xx_hal_pcd_ex.o
LOAD ./Drivers/STM32F4xx_HAL_Driver/Src/stm32f4xx_hal_pwr.o
LOAD ./Drivers/STM32F4xx_HAL_Driver/Src/stm32f4xx_hal_pwr_ex.o
LOAD ./Drivers/STM32F4xx_HAL_Driver/Src/stm32f4xx_hal_rcc.o
LOAD ./Drivers/STM32F4xx_HAL_Driver/Src/stm32f4xx_hal_rcc_ex.o
LOAD ./Drivers/STM32F4xx_HAL_Driver/Src/stm32f4xx_hal_tim.o
LOAD ./Drivers/STM32F4xx_HAL_Driver/Src/stm32f4xx_hal_tim_ex.o
LOAD ./Drivers/STM32F4xx_HAL_Driver/Src/stm32f4xx_hal_uart.o
LOAD ./Drivers/STM32F4xx_HAL_Driver/Src/stm32f4xx_ll_adc.o
LOAD ./Drivers/STM32F4xx_HAL_Driver/Src/stm32f4xx_ll_usb.o
LOAD ./Middlewares/ST/STM32_USB_Device_Library/Class/CustomHID/Src/usbd_customhid.o
LOAD ./Middlewares/ST/STM32_USB_Device_Library/Core/Src/usbd_core.o
LOAD ./Middlewares/ST/STM32_USB_Device_Library/Core/Src/usbd_ctlreq.o
LOAD ./Middlewares/ST/STM32_USB_Device_Library/Core/Src/usbd_ioreq.o
LOAD ./USB_DEVICE/App/usb_device.o
LOAD ./USB_DEVICE/App/usbd_custom_hid_if.o
LOAD ./USB_DEVICE/App/usbd_desc.o
LOAD ./USB_DEVICE/Target/usbd_conf.o
START GROUP
LOAD C:/ST/STM32CubeIDE_1.14.1/STM32CubeIDE/plugins/com.st.stm32cube.ide.mcu.externaltools.gnu-tools-for-stm32.11.3.rel1.win32_1.1.100.202309141235/tools/bin/../lib/gcc/arm-none-eabi/11.3.1/../../../../arm-none-eabi/lib/thumb/v7e-m+fp/hard\libc_nano.a
LOAD C:/ST/STM32CubeIDE_1.14.1/STM32CubeIDE/plugins/com.st.stm32cube.ide.mcu.externaltools.gnu-tools-for-stm32.11.3.rel1.win32_1.1.100.202309141235/tools/bin/../lib/gcc/arm-none-eabi/11.3.1/../../../../arm-none-eabi/lib/thumb/v7e-m+fp/hard\libm.a
END GROUP
START GROUP
LOAD C:/ST/STM32CubeIDE_1.14.1/STM32CubeIDE/plugins/com.st.stm32cube.ide.mcu.externaltools.gnu-tools-for-stm32.11.3.rel1.win32_1.1.100.202309141235/tools/bin/../lib/gcc/arm-none-eabi/11.3.1/thumb/v7e-m+fp/hard\libgcc.a
LOAD C:/ST/STM32CubeIDE_1.14.1/STM32CubeIDE/plugins/com.st.stm32cube.ide.mcu.externaltools.gnu-tools-for-stm32.11.3.rel1.win32_1.1.100.202309141235/tools/bin/../lib/gcc/arm-none-eabi/11.3.1/../../../../arm-none-eabi/lib/thumb/v7e-m+fp/hard\libc_nano.a
END GROUP
START GROUP
LOAD C:/ST/STM32CubeIDE_1.14.1/STM32CubeIDE/plugins/com.st.stm32cube.ide.mcu.externaltools.gnu-tools-for-stm32.11.3.rel1.win32_1.1.100.202309141235/tools/bin/../lib/gcc/arm-none-eabi/11.3.1/thumb/v7e-m+fp/hard\libgcc.a
LOAD C:/ST/STM32CubeIDE_1.14.1/STM32CubeIDE/plugins/com.st.stm32cube.ide.mcu.externaltools.gnu-tools-for-stm32.11.3.rel1.win32_1.1.100.202309141235/tools/bin/../lib/gcc/arm-none-eabi/11.3.1/../../../../arm-none-eabi/lib/thumb/v7e-m+fp/hard\libc_nano.a
LOAD C:/ST/STM32CubeIDE_1.14.1/STM32CubeIDE/plugins/com.st.stm32cube.ide.mcu.externaltools.gnu-tools-for-stm32.11.3.rel1.win32_1.1.100.202309141235/tools/bin/../lib/gcc/arm-none-eabi/11.3.1/../../../../arm-none-eabi/lib/thumb/v7e-m+fp/hard\libnosys.a
END GROUP
START GROUP
LOAD C:/ST/STM32CubeIDE_1.14.1/STM32CubeIDE/plugins/com.st.stm32cube.ide.mcu.externaltools.gnu-tools-for-stm32.11.3.rel1.win32_1.1.100.202309141235/tools/bin/../lib/gcc/arm-none-eabi/11.3.1/thumb/v7e-m+fp/hard\libgcc.a
LOAD C:/ST/STM32CubeIDE_1.14.1/STM32CubeIDE/plugins/com.st.stm32cube.ide.mcu.externaltools.gnu-tools-for-stm32.11.3.rel1.win32_1.1.100.202309141235/tools/bin/../lib/gcc/arm-none-eabi/11.3.1/../../../../arm-none-eabi/lib/thumb/v7e-m+fp/hard\libc_nano.a
LOAD C:/ST/STM32CubeIDE_1.14.1/STM32CubeIDE/plugins/com.st.stm32cube.ide.mcu.externaltools.gnu-tools-for-stm32.11.3.rel1.win32_1.1.100.202309141235/tools/bin/../lib/gcc/arm-none-eabi/11.3.1/../../../../arm-none-eabi/lib/thumb/v7e-m+fp/hard\libnosys.a
END GROUP
LOAD C:/ST/STM32CubeIDE_1.14.1/STM32CubeIDE/plugins/com.st.stm32cube.ide.mcu.externaltools.gnu-tools-for-stm32.11.3.rel1.win32_1.1.100.202309141235/tools/bin/../lib/gcc/arm-none-eabi/11.3.1/thumb/v7e-m+fp/hard/crtend.o
LOAD C:/ST/STM32CubeIDE_1.14.1/STM32CubeIDE/plugins/com.st.stm32cube.ide.mcu.externaltools.gnu-tools-for-stm32.11.3.rel1.win32_1.1.100.202309141235/tools/bin/../lib/gcc/arm-none-eabi/11.3.1/thumb/v7e-m+fp/hard/crtn.o
                0x0000000020020000                _estack = (ORIGIN (RAM) + LENGTH (RAM))
                0x0000000000000200                _Min_Heap_Size = 0x200
                0x0000000000000400                _Min_Stack_Size = 0x400

.isr_vector     0x0000000008000000      0x198
                0x0000000008000000                . = ALIGN (0x4)
 *(.isr_vector)
 .isr_vector    0x0000000008000000      0x198 ./Core/Startup/startup_stm32f411retx.o
                0x0000000008000000                g_pfnVectors
                0x0000000008000198                . = ALIGN (0x4)

.text           0x0000000008000198     0x90cc
                0x0000000008000198                . = ALIGN (0x4)
 *(.text)
 .text          0x0000000008000198       0x40 C:/ST/STM32CubeIDE_1.14.1/STM32CubeIDE/plugins/com.st.stm32cube.ide.mcu.externaltools.gnu-tools-for-stm32.11.3.rel1.win32_1.1.100.202309141235/tools/bin/../lib/gcc/arm-none-eabi/11.3.1/thumb/v7e-m+fp/hard/crtbegin.o
 .text          0x00000000080001d8       0x30 C:/ST/STM32CubeIDE_1.14.1/STM32CubeIDE/plugins/com.st.stm32cube.ide.mcu.externaltools.gnu-tools-for-stm32.11.3.rel1.win32_1.1.100.202309141235/tools/bin/../lib/gcc/arm-none-eabi/11.3.1/thumb/v7e-m+fp/hard\libgcc.a(_aeabi_uldivmod.o)
                0x00000000080001d8                __aeabi_uldivmod
 .text          0x0000000008000208      0x2c8 C:/ST/STM32CubeIDE_1.14.1/STM32CubeIDE/plugins/com.st.stm32cube.ide.mcu.externaltools.gnu-tools-for-stm32.11.3.rel1.win32_1.1.100.202309141235/tools/bin/../lib/gcc/arm-none-eabi/11.3.1/thumb/v7e-m+fp/hard\libgcc.a(_udivmoddi4.o)
                0x0000000008000208                __udivmoddi4
 .text          0x00000000080004d0        0x4 C:/ST/STM32CubeIDE_1.14.1/STM32CubeIDE/plugins/com.st.stm32cube.ide.mcu.externaltools.gnu-tools-for-stm32.11.3.rel1.win32_1.1.100.202309141235/tools/bin/../lib/gcc/arm-none-eabi/11.3.1/thumb/v7e-m+fp/hard\libgcc.a(_dvmd_tls.o)
                0x00000000080004d0                __aeabi_idiv0
                0x00000000080004d0                __aeabi_ldiv0
 *(.text*)
 .text.main     0x00000000080004d4      0x160 ./Core/Src/main.o
                0x00000000080004d4                main
 .text.SystemClock_Config
                0x0000000008000634       0xd8 ./Core/Src/main.o
                0x0000000008000634                SystemClock_Config
 .text.MX_ADC1_Init
                0x000000000800070c       0xa4 ./Core/Src/main.o
 .text.MX_I2S2_Init
                0x00000000080007b0       0x5c ./Core/Src/main.o
 .text.MX_USART2_UART_Init
                0x000000000800080c       0x54 ./Core/Src/main.o
 .text.MX_DMA_Init
                0x0000000008000860       0x6c ./Core/Src/main.o
 .text.MX_GPIO_Init
                0x00000000080008cc      0x11c ./Core/Src/main.o
 .text.Error_Handler
                0x00000000080009e8        0xa ./Core/Src/main.o
                0x00000000080009e8                Error_Handler
 *fill*         0x00000000080009f2        0x2 
 .text.HAL_MspInit
                0x00000000080009f4       0x50 ./Core/Src/stm32f4xx_hal_msp.o
                0x00000000080009f4                HAL_MspInit
 .text.HAL_ADC_MspInit
                0x0000000008000a44       0xf0 ./Core/Src/stm32f4xx_hal_msp.o
                0x0000000008000a44                HAL_ADC_MspInit
 .text.HAL_I2S_MspInit
                0x0000000008000b34      0x170 ./Core/Src/stm32f4xx_hal_msp.o
                0x0000000008000b34                HAL_I2S_MspInit
 .text.HAL_UART_MspInit
                0x0000000008000ca4       0x90 ./Core/Src/stm32f4xx_hal_msp.o
                0x0000000008000ca4                HAL_UART_MspInit
 .text.NMI_Handler
                0x0000000008000d34        0x6 ./Core/Src/stm32f4xx_it.o
                0x0000000008000d34                NMI_Handler
 .text.HardFault_Handler
                0x0000000008000d3a        0x6 ./Core/Src/stm32f4xx_it.o
                0x0000000008000d3a                HardFault_Handler
 .text.MemManage_Handler
                0x0000000008000d40        0x6 ./Core/Src/stm32f4xx_it.o
                0x0000000008000d40                MemManage_Handler
 .text.BusFault_Handler
                0x0000000008000d46        0x6 ./Core/Src/stm32f4xx_it.o
                0x0000000008000d46                BusFault_Handler
 .text.UsageFault_Handler
                0x0000000008000d4c        0x6 ./Core/Src/stm32f4xx_it.o
                0x0000000008000d4c                UsageFault_Handler
 .text.SVC_Handler
                0x0000000008000d52        0xe ./Core/Src/stm32f4xx_it.o
                0x0000000008000d52                SVC_Handler
 .text.DebugMon_Handler
                0x0000000008000d60        0xe ./Core/Src/stm32f4xx_it.o
                0x0000000008000d60                DebugMon_Handler
 .text.PendSV_Handler
                0x0000000008000d6e        0xe ./Core/Src/stm32f4xx_it.o
                0x0000000008000d6e                PendSV_Handler
 .text.SysTick_Handler
                0x0000000008000d7c        0xc ./Core/Src/stm32f4xx_it.o
                0x0000000008000d7c                SysTick_Handler
 .text.DMA1_Stream4_IRQHandler
                0x0000000008000d88       0x14 ./Core/Src/stm32f4xx_it.o
                0x0000000008000d88                DMA1_Stream4_IRQHandler
 .text.DMA2_Stream0_IRQHandler
                0x0000000008000d9c       0x14 ./Core/Src/stm32f4xx_it.o
                0x0000000008000d9c                DMA2_Stream0_IRQHandler
 .text.OTG_FS_IRQHandler
                0x0000000008000db0       0x14 ./Core/Src/stm32f4xx_it.o
                0x0000000008000db0                OTG_FS_IRQHandler
 .text.SystemInit
                0x0000000008000dc4       0x24 ./Core/Src/system_stm32f4xx.o
                0x0000000008000dc4                SystemInit
 .text.Reset_Handler
                0x0000000008000de8       0x50 ./Core/Startup/startup_stm32f411retx.o
                0x0000000008000de8                Reset_Handler
 .text.Default_Handler
                0x0000000008000e38        0x2 ./Core/Startup/startup_stm32f411retx.o
                0x0000000008000e38                RTC_Alarm_IRQHandler
                0x0000000008000e38                EXTI2_IRQHandler
                0x0000000008000e38                SPI4_IRQHandler
                0x0000000008000e38                TIM1_CC_IRQHandler
                0x0000000008000e38                DMA2_Stream5_IRQHandler
                0x0000000008000e38                DMA1_Stream5_IRQHandler
                0x0000000008000e38                PVD_IRQHandler
                0x0000000008000e38                SDIO_IRQHandler
                0x0000000008000e38                TAMP_STAMP_IRQHandler
                0x0000000008000e38                EXTI3_IRQHandler
                0x0000000008000e38                TIM1_UP_TIM10_IRQHandler
                0x0000000008000e38                I2C3_ER_IRQHandler
                0x0000000008000e38                EXTI0_IRQHandler
                0x0000000008000e38                I2C2_EV_IRQHandler
                0x0000000008000e38                DMA1_Stream2_IRQHandler
                0x0000000008000e38                FPU_IRQHandler
                0x0000000008000e38                DMA2_Stream2_IRQHandler
                0x0000000008000e38                SPI1_IRQHandler
                0x0000000008000e38                TIM1_BRK_TIM9_IRQHandler
                0x0000000008000e38                DMA2_Stream3_IRQHandler
                0x0000000008000e38                USART6_IRQHandler
                0x0000000008000e38                TIM4_IRQHandler
                0x0000000008000e38                I2C1_EV_IRQHandler
                0x0000000008000e38                DMA1_Stream6_IRQHandler
                0x0000000008000e38                DMA1_Stream1_IRQHandler
                0x0000000008000e38                TIM3_IRQHandler
                0x0000000008000e38                RCC_IRQHandler
                0x0000000008000e38                Default_Handler
                0x0000000008000e38                EXTI15_10_IRQHandler
                0x0000000008000e38                ADC_IRQHandler
                0x0000000008000e38                DMA1_Stream7_IRQHandler
                0x0000000008000e38                SPI5_IRQHandler
                0x0000000008000e38                TIM5_IRQHandler
                0x0000000008000e38                DMA2_Stream7_IRQHandler
                0x0000000008000e38                I2C3_EV_IRQHandler
                0x0000000008000e38                EXTI9_5_IRQHandler
                0x0000000008000e38                RTC_WKUP_IRQHandler
                0x0000000008000e38                SPI2_IRQHandler
                0x0000000008000e38                DMA1_Stream0_IRQHandler
                0x0000000008000e38                EXTI4_IRQHandler
                0x0000000008000e38                WWDG_IRQHandler
                0x0000000008000e38                TIM2_IRQHandler
                0x0000000008000e38                OTG_FS_WKUP_IRQHandler
                0x0000000008000e38                TIM1_TRG_COM_TIM11_IRQHandler
                0x0000000008000e38                EXTI1_IRQHandler
                0x0000000008000e38                USART2_IRQHandler
                0x0000000008000e38                I2C2_ER_IRQHandler
                0x0000000008000e38                DMA2_Stream1_IRQHandler
                0x0000000008000e38                FLASH_IRQHandler
                0x0000000008000e38                DMA2_Stream4_IRQHandler
                0x0000000008000e38                USART1_IRQHandler
                0x0000000008000e38                SPI3_IRQHandler
                0x0000000008000e38                I2C1_ER_IRQHandler
                0x0000000008000e38                DMA2_Stream6_IRQHandler
                0x0000000008000e38                DMA1_Stream3_IRQHandler
 *fill*         0x0000000008000e3a        0x2 
 .text.HAL_Init
                0x0000000008000e3c       0x44 ./Drivers/STM32F4xx_HAL_Driver/Src/stm32f4xx_hal.o
                0x0000000008000e3c                HAL_Init
 .text.HAL_InitTick
                0x0000000008000e80       0x60 ./Drivers/STM32F4xx_HAL_Driver/Src/stm32f4xx_hal.o
                0x0000000008000e80                HAL_InitTick
 .text.HAL_IncTick
                0x0000000008000ee0       0x28 ./Drivers/STM32F4xx_HAL_Driver/Src/stm32f4xx_hal.o
                0x0000000008000ee0                HAL_IncTick
 .text.HAL_GetTick
                0x0000000008000f08       0x18 ./Drivers/STM32F4xx_HAL_Driver/Src/stm32f4xx_hal.o
                0x0000000008000f08                HAL_GetTick
 .text.HAL_Delay
                0x0000000008000f20       0x48 ./Drivers/STM32F4xx_HAL_Driver/Src/stm32f4xx_hal.o
                0x0000000008000f20                HAL_Delay
 .text.HAL_ADC_Init
                0x0000000008000f68       0x86 ./Drivers/STM32F4xx_HAL_Driver/Src/stm32f4xx_hal_adc.o
                0x0000000008000f68                HAL_ADC_Init
 *fill*         0x0000000008000fee        0x2 
 .text.HAL_ADC_Start_DMA
                0x0000000008000ff0      0x1e0 ./Drivers/STM32F4xx_HAL_Driver/Src/stm32f4xx_hal_adc.o
                0x0000000008000ff0                HAL_ADC_Start_DMA
 .text.HAL_ADC_ConvCpltCallback
                0x00000000080011d0       0x14 ./Drivers/STM32F4xx_HAL_Driver/Src/stm32f4xx_hal_adc.o
                0x00000000080011d0                HAL_ADC_ConvCpltCallback
 .text.HAL_ADC_ConvHalfCpltCallback
                0x00000000080011e4       0x14 ./Drivers/STM32F4xx_HAL_Driver/Src/stm32f4xx_hal_adc.o
                0x00000000080011e4                HAL_ADC_ConvHalfCpltCallback
 .text.HAL_ADC_ErrorCallback
                0x00000000080011f8       0x14 ./Drivers/STM32F4xx_HAL_Driver/Src/stm32f4xx_hal_adc.o
                0x00000000080011f8                HAL_ADC_ErrorCallback
 .text.HAL_ADC_ConfigChannel
                0x000000000800120c      0x264 ./Drivers/STM32F4xx_HAL_Driver/Src/stm32f4xx_hal_adc.o
                0x000000000800120c                HAL_ADC_ConfigChannel
 .text.ADC_Init
                0x0000000008001470      0x1f8 ./Drivers/STM32F4xx_HAL_Driver/Src/stm32f4xx_hal_adc.o
 .text.ADC_DMAConvCplt
                0x0000000008001668       0xba ./Drivers/STM32F4xx_HAL_Driver/Src/stm32f4xx_hal_adc.o
 .text.ADC_DMAHalfConvCplt
                0x0000000008001722       0x1c ./Drivers/STM32F4xx_HAL_Driver/Src/stm32f4xx_hal_adc.o
 .text.ADC_DMAError
                0x000000000800173e       0x2e ./Drivers/STM32F4xx_HAL_Driver/Src/stm32f4xx_hal_adc.o
 .text.__NVIC_SetPriorityGrouping
                0x000000000800176c       0x48 ./Drivers/STM32F4xx_HAL_Driver/Src/stm32f4xx_hal_cortex.o
 .text.__NVIC_GetPriorityGrouping
                0x00000000080017b4       0x1c ./Drivers/STM32F4xx_HAL_Driver/Src/stm32f4xx_hal_cortex.o
 .text.__NVIC_EnableIRQ
                0x00000000080017d0       0x3c ./Drivers/STM32F4xx_HAL_Driver/Src/stm32f4xx_hal_cortex.o
 .text.__NVIC_SetPriority
                0x000000000800180c       0x54 ./Drivers/STM32F4xx_HAL_Driver/Src/stm32f4xx_hal_cortex.o
 .text.NVIC_EncodePriority
                0x0000000008001860       0x66 ./Drivers/STM32F4xx_HAL_Driver/Src/stm32f4xx_hal_cortex.o
 *fill*         0x00000000080018c6        0x2 
 .text.SysTick_Config
                0x00000000080018c8       0x44 ./Drivers/STM32F4xx_HAL_Driver/Src/stm32f4xx_hal_cortex.o
 .text.HAL_NVIC_SetPriorityGrouping
                0x000000000800190c       0x16 ./Drivers/STM32F4xx_HAL_Driver/Src/stm32f4xx_hal_cortex.o
                0x000000000800190c                HAL_NVIC_SetPriorityGrouping
 .text.HAL_NVIC_SetPriority
                0x0000000008001922       0x38 ./Drivers/STM32F4xx_HAL_Driver/Src/stm32f4xx_hal_cortex.o
                0x0000000008001922                HAL_NVIC_SetPriority
 .text.HAL_NVIC_EnableIRQ
                0x000000000800195a       0x1c ./Drivers/STM32F4xx_HAL_Driver/Src/stm32f4xx_hal_cortex.o
                0x000000000800195a                HAL_NVIC_EnableIRQ
 .text.HAL_SYSTICK_Config
                0x0000000008001976       0x18 ./Drivers/STM32F4xx_HAL_Driver/Src/stm32f4xx_hal_cortex.o
                0x0000000008001976                HAL_SYSTICK_Config
 *fill*         0x000000000800198e        0x2 
 .text.HAL_DMA_Init
                0x0000000008001990      0x15c ./Drivers/STM32F4xx_HAL_Driver/Src/stm32f4xx_hal_dma.o
                0x0000000008001990                HAL_DMA_Init
 .text.HAL_DMA_Start_IT
                0x0000000008001aec       0xb0 ./Drivers/STM32F4xx_HAL_Driver/Src/stm32f4xx_hal_dma.o
                0x0000000008001aec                HAL_DMA_Start_IT
 .text.HAL_DMA_IRQHandler
                0x0000000008001b9c      0x314 ./Drivers/STM32F4xx_HAL_Driver/Src/stm32f4xx_hal_dma.o
                0x0000000008001b9c                HAL_DMA_IRQHandler
 .text.DMA_SetConfig
                0x0000000008001eb0       0x5c ./Drivers/STM32F4xx_HAL_Driver/Src/stm32f4xx_hal_dma.o
 .text.DMA_CalcBaseAndBitshift
                0x0000000008001f0c       0x6c ./Drivers/STM32F4xx_HAL_Driver/Src/stm32f4xx_hal_dma.o
 .text.DMA_CheckFifoParam
                0x0000000008001f78       0xf8 ./Drivers/STM32F4xx_HAL_Driver/Src/stm32f4xx_hal_dma.o
 .text.HAL_GPIO_Init
                0x0000000008002070      0x308 ./Drivers/STM32F4xx_HAL_Driver/Src/stm32f4xx_hal_gpio.o
                0x0000000008002070                HAL_GPIO_Init
 .text.HAL_GPIO_ReadPin
                0x0000000008002378       0x30 ./Drivers/STM32F4xx_HAL_Driver/Src/stm32f4xx_hal_gpio.o
                0x0000000008002378                HAL_GPIO_ReadPin
 .text.HAL_GPIO_WritePin
                0x00000000080023a8       0x32 ./Drivers/STM32F4xx_HAL_Driver/Src/stm32f4xx_hal_gpio.o
                0x00000000080023a8                HAL_GPIO_WritePin
 *fill*         0x00000000080023da        0x2 
 .text.HAL_I2S_Init
                0x00000000080023dc      0x280 ./Drivers/STM32F4xx_HAL_Driver/Src/stm32f4xx_hal_i2s.o
                0x00000000080023dc                HAL_I2S_Init
 .text.HAL_I2S_Transmit_DMA
                0x000000000800265c      0x150 ./Drivers/STM32F4xx_HAL_Driver/Src/stm32f4xx_hal_i2s.o
                0x000000000800265c                HAL_I2S_Transmit_DMA
 .text.HAL_I2S_TxHalfCpltCallback
                0x00000000080027ac       0x14 ./Drivers/STM32F4xx_HAL_Driver/Src/stm32f4xx_hal_i2s.o
                0x00000000080027ac                HAL_I2S_TxHalfCpltCallback
 .text.HAL_I2S_TxCpltCallback
                0x00000000080027c0       0x14 ./Drivers/STM32F4xx_HAL_Driver/Src/stm32f4xx_hal_i2s.o
                0x00000000080027c0                HAL_I2S_TxCpltCallback
 .text.HAL_I2S_RxCpltCallback
                0x00000000080027d4       0x14 ./Drivers/STM32F4xx_HAL_Driver/Src/stm32f4xx_hal_i2s.o
                0x00000000080027d4                HAL_I2S_RxCpltCallback
 .text.HAL_I2S_ErrorCallback
                0x00000000080027e8       0x14 ./Drivers/STM32F4xx_HAL_Driver/Src/stm32f4xx_hal_i2s.o
                0x00000000080027e8                HAL_I2S_ErrorCallback
 .text.I2S_DMATxCplt
                0x00000000080027fc       0x42 ./Drivers/STM32F4xx_HAL_Driver/Src/stm32f4xx_hal_i2s.o
 .text.I2S_DMATxHalfCplt
                0x000000000800283e       0x1c ./Drivers/STM32F4xx_HAL_Driver/Src/stm32f4xx_hal_i2s.o
 .text.I2S_DMAError
                0x000000000800285a       0x4c ./Drivers/STM32F4xx_HAL_Driver/Src/stm32f4xx_hal_i2s.o
 .text.I2S_Transmit_IT
                0x00000000080028a6       0x5c ./Drivers/STM32F4xx_HAL_Driver/Src/stm32f4xx_hal_i2s.o
 .text.I2S_Receive_IT
                0x0000000008002902       0x5e ./Drivers/STM32F4xx_HAL_Driver/Src/stm32f4xx_hal_i2s.o
 .text.I2S_IRQHandler
                0x0000000008002960      0x114 ./Drivers/STM32F4xx_HAL_Driver/Src/stm32f4xx_hal_i2s.o
 .text.HAL_I2SEx_FullDuplex_IRQHandler
                0x0000000008002a74      0x2a8 ./Drivers/STM32F4xx_HAL_Driver/Src/stm32f4xx_hal_i2s_ex.o
                0x0000000008002a74                HAL_I2SEx_FullDuplex_IRQHandler
 .text.HAL_I2SEx_TxRxCpltCallback
                0x0000000008002d1c       0x14 ./Drivers/STM32F4xx_HAL_Driver/Src/stm32f4xx_hal_i2s_ex.o
                0x0000000008002d1c                HAL_I2SEx_TxRxCpltCallback
 .text.I2SEx_TxISR_I2S
                0x0000000008002d30       0x62 ./Drivers/STM32F4xx_HAL_Driver/Src/stm32f4xx_hal_i2s_ex.o
 *fill*         0x0000000008002d92        0x2 
 .text.I2SEx_TxISR_I2SExt
                0x0000000008002d94       0x98 ./Drivers/STM32F4xx_HAL_Driver/Src/stm32f4xx_hal_i2s_ex.o
 .text.I2SEx_RxISR_I2S
                0x0000000008002e2c       0x64 ./Drivers/STM32F4xx_HAL_Driver/Src/stm32f4xx_hal_i2s_ex.o
 .text.I2SEx_RxISR_I2SExt
                0x0000000008002e90       0x98 ./Drivers/STM32F4xx_HAL_Driver/Src/stm32f4xx_hal_i2s_ex.o
 .text.HAL_PCD_Init
                0x0000000008002f28      0x21e ./Drivers/STM32F4xx_HAL_Driver/Src/stm32f4xx_hal_pcd.o
                0x0000000008002f28                HAL_PCD_Init
 .text.HAL_PCD_Start
                0x0000000008003146       0x6a ./Drivers/STM32F4xx_HAL_Driver/Src/stm32f4xx_hal_pcd.o
                0x0000000008003146                HAL_PCD_Start
 .text.HAL_PCD_IRQHandler
                0x00000000080031b0      0x942 ./Drivers/STM32F4xx_HAL_Driver/Src/stm32f4xx_hal_pcd.o
                0x00000000080031b0                HAL_PCD_IRQHandler
 .text.HAL_PCD_SetAddress
                0x0000000008003af2       0x48 ./Drivers/STM32F4xx_HAL_Driver/Src/stm32f4xx_hal_pcd.o
                0x0000000008003af2                HAL_PCD_SetAddress
 .text.HAL_PCD_EP_Open
                0x0000000008003b3a       0xd0 ./Drivers/STM32F4xx_HAL_Driver/Src/stm32f4xx_hal_pcd.o
                0x0000000008003b3a                HAL_PCD_EP_Open
 .text.HAL_PCD_EP_Close
                0x0000000008003c0a       0x94 ./Drivers/STM32F4xx_HAL_Driver/Src/stm32f4xx_hal_pcd.o
                0x0000000008003c0a                HAL_PCD_EP_Close
 .text.HAL_PCD_EP_Receive
                0x0000000008003c9e       0x76 ./Drivers/STM32F4xx_HAL_Driver/Src/stm32f4xx_hal_pcd.o
                0x0000000008003c9e                HAL_PCD_EP_Receive
 .text.HAL_PCD_EP_Transmit
                0x0000000008003d14       0x74 ./Drivers/STM32F4xx_HAL_Driver/Src/stm32f4xx_hal_pcd.o
                0x0000000008003d14                HAL_PCD_EP_Transmit
 .text.HAL_PCD_EP_SetStall
                0x0000000008003d88       0xc6 ./Drivers/STM32F4xx_HAL_Driver/Src/stm32f4xx_hal_pcd.o
                0x0000000008003d88                HAL_PCD_EP_SetStall
 .text.HAL_PCD_EP_ClrStall
                0x0000000008003e4e       0xac ./Drivers/STM32F4xx_HAL_Driver/Src/stm32f4xx_hal_pcd.o
                0x0000000008003e4e                HAL_PCD_EP_ClrStall
 .text.HAL_PCD_EP_Abort
                0x0000000008003efa       0x62 ./Drivers/STM32F4xx_HAL_Driver/Src/stm32f4xx_hal_pcd.o
                0x0000000008003efa                HAL_PCD_EP_Abort
 .text.PCD_WriteEmptyTxFifo
                0x0000000008003f5c      0x118 ./Drivers/STM32F4xx_HAL_Driver/Src/stm32f4xx_hal_pcd.o
 .text.PCD_EP_OutXfrComplete_int
                0x0000000008004074      0x1d0 ./Drivers/STM32F4xx_HAL_Driver/Src/stm32f4xx_hal_pcd.o
 .text.PCD_EP_OutSetupPacket_int
                0x0000000008004244       0x8c ./Drivers/STM32F4xx_HAL_Driver/Src/stm32f4xx_hal_pcd.o
 .text.HAL_PCDEx_SetTxFiFo
                0x00000000080042d0       0x8e ./Drivers/STM32F4xx_HAL_Driver/Src/stm32f4xx_hal_pcd_ex.o
                0x00000000080042d0                HAL_PCDEx_SetTxFiFo
 .text.HAL_PCDEx_SetRxFiFo
                0x000000000800435e       0x22 ./Drivers/STM32F4xx_HAL_Driver/Src/stm32f4xx_hal_pcd_ex.o
                0x000000000800435e                HAL_PCDEx_SetRxFiFo
 .text.HAL_PCDEx_LPM_Callback
                0x0000000008004380       0x18 ./Drivers/STM32F4xx_HAL_Driver/Src/stm32f4xx_hal_pcd_ex.o
                0x0000000008004380                HAL_PCDEx_LPM_Callback
 .text.HAL_RCC_OscConfig
                0x0000000008004398      0x4f0 ./Drivers/STM32F4xx_HAL_Driver/Src/stm32f4xx_hal_rcc.o
                0x0000000008004398                HAL_RCC_OscConfig
 .text.HAL_RCC_ClockConfig
                0x0000000008004888      0x1cc ./Drivers/STM32F4xx_HAL_Driver/Src/stm32f4xx_hal_rcc.o
                0x0000000008004888                HAL_RCC_ClockConfig
 .text.HAL_RCC_GetSysClockFreq
                0x0000000008004a54      0x20c ./Drivers/STM32F4xx_HAL_Driver/Src/stm32f4xx_hal_rcc.o
                0x0000000008004a54                HAL_RCC_GetSysClockFreq
 .text.HAL_RCC_GetHCLKFreq
                0x0000000008004c60       0x18 ./Drivers/STM32F4xx_HAL_Driver/Src/stm32f4xx_hal_rcc.o
                0x0000000008004c60                HAL_RCC_GetHCLKFreq
 .text.HAL_RCC_GetPCLK1Freq
                0x0000000008004c78       0x28 ./Drivers/STM32F4xx_HAL_Driver/Src/stm32f4xx_hal_rcc.o
                0x0000000008004c78                HAL_RCC_GetPCLK1Freq
 .text.HAL_RCC_GetPCLK2Freq
                0x0000000008004ca0       0x28 ./Drivers/STM32F4xx_HAL_Driver/Src/stm32f4xx_hal_rcc.o
                0x0000000008004ca0                HAL_RCC_GetPCLK2Freq
 .text.HAL_RCCEx_PeriphCLKConfig
                0x0000000008004cc8      0x1e0 ./Drivers/STM32F4xx_HAL_Driver/Src/stm32f4xx_hal_rcc_ex.o
                0x0000000008004cc8                HAL_RCCEx_PeriphCLKConfig
 .text.HAL_RCCEx_GetPeriphCLKFreq
                0x0000000008004ea8       0xc4 ./Drivers/STM32F4xx_HAL_Driver/Src/stm32f4xx_hal_rcc_ex.o
                0x0000000008004ea8                HAL_RCCEx_GetPeriphCLKFreq
 .text.HAL_UART_Init
                0x0000000008004f6c       0xa0 ./Drivers/STM32F4xx_HAL_Driver/Src/stm32f4xx_hal_uart.o
                0x0000000008004f6c                HAL_UART_Init
 .text.UART_SetConfig
                0x000000000800500c      0x4e8 ./Drivers/STM32F4xx_HAL_Driver/Src/stm32f4xx_hal_uart.o
 .text.USB_CoreInit
                0x00000000080054f4       0xc8 ./Drivers/STM32F4xx_HAL_Driver/Src/stm32f4xx_ll_usb.o
                0x00000000080054f4                USB_CoreInit
 .text.USB_SetTurnaroundTime
                0x00000000080055bc      0x144 ./Drivers/STM32F4xx_HAL_Driver/Src/stm32f4xx_ll_usb.o
                0x00000000080055bc                USB_SetTurnaroundTime
 .text.USB_EnableGlobalInt
                0x0000000008005700       0x22 ./Drivers/STM32F4xx_HAL_Driver/Src/stm32f4xx_ll_usb.o
                0x0000000008005700                USB_EnableGlobalInt
 .text.USB_DisableGlobalInt
                0x0000000008005722       0x22 ./Drivers/STM32F4xx_HAL_Driver/Src/stm32f4xx_ll_usb.o
                0x0000000008005722                USB_DisableGlobalInt
 .text.USB_SetCurrentMode
                0x0000000008005744       0x98 ./Drivers/STM32F4xx_HAL_Driver/Src/stm32f4xx_ll_usb.o
                0x0000000008005744                USB_SetCurrentMode
 .text.USB_DevInit
                0x00000000080057dc      0x2c8 ./Drivers/STM32F4xx_HAL_Driver/Src/stm32f4xx_ll_usb.o
                0x00000000080057dc                USB_DevInit
 .text.USB_FlushTxFifo
                0x0000000008005aa4       0x64 ./Drivers/STM32F4xx_HAL_Driver/Src/stm32f4xx_ll_usb.o
                0x0000000008005aa4                USB_FlushTxFifo
 .text.USB_FlushRxFifo
                0x0000000008005b08       0x5c ./Drivers/STM32F4xx_HAL_Driver/Src/stm32f4xx_ll_usb.o
                0x0000000008005b08                USB_FlushRxFifo
 .text.USB_SetDevSpeed
                0x0000000008005b64       0x32 ./Drivers/STM32F4xx_HAL_Driver/Src/stm32f4xx_ll_usb.o
                0x0000000008005b64                USB_SetDevSpeed
 .text.USB_GetDevSpeed
                0x0000000008005b96       0x4a ./Drivers/STM32F4xx_HAL_Driver/Src/stm32f4xx_ll_usb.o
                0x0000000008005b96                USB_GetDevSpeed
 .text.USB_ActivateEndpoint
                0x0000000008005be0      0x10e ./Drivers/STM32F4xx_HAL_Driver/Src/stm32f4xx_ll_usb.o
                0x0000000008005be0                USB_ActivateEndpoint
 *fill*         0x0000000008005cee        0x2 
 .text.USB_DeactivateEndpoint
                0x0000000008005cf0      0x1b8 ./Drivers/STM32F4xx_HAL_Driver/Src/stm32f4xx_ll_usb.o
                0x0000000008005cf0                USB_DeactivateEndpoint
 .text.USB_EPStartXfer
                0x0000000008005ea8      0x530 ./Drivers/STM32F4xx_HAL_Driver/Src/stm32f4xx_ll_usb.o
                0x0000000008005ea8                USB_EPStartXfer
 .text.USB_EPStopXfer
                0x00000000080063d8      0x154 ./Drivers/STM32F4xx_HAL_Driver/Src/stm32f4xx_ll_usb.o
                0x00000000080063d8                USB_EPStopXfer
 .text.USB_WritePacket
                0x000000000800652c       0x7c ./Drivers/STM32F4xx_HAL_Driver/Src/stm32f4xx_ll_usb.o
                0x000000000800652c                USB_WritePacket
 .text.USB_ReadPacket
                0x00000000080065a8       0xb0 ./Drivers/STM32F4xx_HAL_Driver/Src/stm32f4xx_ll_usb.o
                0x00000000080065a8                USB_ReadPacket
 .text.USB_EPSetStall
                0x0000000008006658       0xdc ./Drivers/STM32F4xx_HAL_Driver/Src/stm32f4xx_ll_usb.o
                0x0000000008006658                USB_EPSetStall
 .text.USB_EPClearStall
                0x0000000008006734       0xcc ./Drivers/STM32F4xx_HAL_Driver/Src/stm32f4xx_ll_usb.o
                0x0000000008006734                USB_EPClearStall
 .text.USB_SetDevAddress
                0x0000000008006800       0x4c ./Drivers/STM32F4xx_HAL_Driver/Src/stm32f4xx_ll_usb.o
                0x0000000008006800                USB_SetDevAddress
 .text.USB_DevConnect
                0x000000000800684c       0x42 ./Drivers/STM32F4xx_HAL_Driver/Src/stm32f4xx_ll_usb.o
                0x000000000800684c                USB_DevConnect
 .text.USB_DevDisconnect
                0x000000000800688e       0x42 ./Drivers/STM32F4xx_HAL_Driver/Src/stm32f4xx_ll_usb.o
                0x000000000800688e                USB_DevDisconnect
 .text.USB_ReadInterrupts
                0x00000000080068d0       0x26 ./Drivers/STM32F4xx_HAL_Driver/Src/stm32f4xx_ll_usb.o
                0x00000000080068d0                USB_ReadInterrupts
 .text.USB_ReadDevAllOutEpInterrupt
                0x00000000080068f6       0x34 ./Drivers/STM32F4xx_HAL_Driver/Src/stm32f4xx_ll_usb.o
                0x00000000080068f6                USB_ReadDevAllOutEpInterrupt
 .text.USB_ReadDevAllInEpInterrupt
                0x000000000800692a       0x34 ./Drivers/STM32F4xx_HAL_Driver/Src/stm32f4xx_ll_usb.o
                0x000000000800692a                USB_ReadDevAllInEpInterrupt
 .text.USB_ReadDevOutEPInterrupt
                0x000000000800695e       0x3c ./Drivers/STM32F4xx_HAL_Driver/Src/stm32f4xx_ll_usb.o
                0x000000000800695e                USB_ReadDevOutEPInterrupt
 .text.USB_ReadDevInEPInterrupt
                0x000000000800699a       0x5c ./Drivers/STM32F4xx_HAL_Driver/Src/stm32f4xx_ll_usb.o
                0x000000000800699a                USB_ReadDevInEPInterrupt
 .text.USB_GetMode
                0x00000000080069f6       0x1c ./Drivers/STM32F4xx_HAL_Driver/Src/stm32f4xx_ll_usb.o
                0x00000000080069f6                USB_GetMode
 .text.USB_ActivateSetup
                0x0000000008006a12       0x46 ./Drivers/STM32F4xx_HAL_Driver/Src/stm32f4xx_ll_usb.o
                0x0000000008006a12                USB_ActivateSetup
 .text.USB_EP0_OutStart
                0x0000000008006a58       0xbc ./Drivers/STM32F4xx_HAL_Driver/Src/stm32f4xx_ll_usb.o
                0x0000000008006a58                USB_EP0_OutStart
 .text.USB_CoreReset
                0x0000000008006b14       0x62 ./Drivers/STM32F4xx_HAL_Driver/Src/stm32f4xx_ll_usb.o
 *fill*         0x0000000008006b76        0x2 
 .text.USBD_CUSTOM_HID_Init
                0x0000000008006b78      0x154 ./Middlewares/ST/STM32_USB_Device_Library/Class/CustomHID/Src/usbd_customhid.o
 .text.USBD_CUSTOM_HID_DeInit
                0x0000000008006ccc       0xf4 ./Middlewares/ST/STM32_USB_Device_Library/Class/CustomHID/Src/usbd_customhid.o
 .text.USBD_CUSTOM_HID_Setup
                0x0000000008006dc0      0x234 ./Middlewares/ST/STM32_USB_Device_Library/Class/CustomHID/Src/usbd_customhid.o
 .text.USBD_CUSTOM_HID_SendReport
                0x0000000008006ff4       0x64 ./Middlewares/ST/STM32_USB_Device_Library/Class/CustomHID/Src/usbd_customhid.o
                0x0000000008006ff4                USBD_CUSTOM_HID_SendReport
 .text.USBD_CUSTOM_HID_GetFSCfgDesc
                0x0000000008007058       0x64 ./Middlewares/ST/STM32_USB_Device_Library/Class/CustomHID/Src/usbd_customhid.o
 .text.USBD_CUSTOM_HID_GetHSCfgDesc
                0x00000000080070bc       0x64 ./Middlewares/ST/STM32_USB_Device_Library/Class/CustomHID/Src/usbd_customhid.o
 .text.USBD_CUSTOM_HID_GetOtherSpeedCfgDesc
                0x0000000008007120       0x64 ./Middlewares/ST/STM32_USB_Device_Library/Class/CustomHID/Src/usbd_customhid.o
 .text.USBD_CUSTOM_HID_DataIn
                0x0000000008007184       0x2c ./Middlewares/ST/STM32_USB_Device_Library/Class/CustomHID/Src/usbd_customhid.o
 .text.USBD_CUSTOM_HID_DataOut
                0x00000000080071b0       0x54 ./Middlewares/ST/STM32_USB_Device_Library/Class/CustomHID/Src/usbd_customhid.o
 .text.USBD_CUSTOM_HID_ReceivePacket
                0x0000000008007204       0x4c ./Middlewares/ST/STM32_USB_Device_Library/Class/CustomHID/Src/usbd_customhid.o
                0x0000000008007204                USBD_CUSTOM_HID_ReceivePacket
 .text.USBD_CUSTOM_HID_EP0_RxReady
                0x0000000008007250       0x52 ./Middlewares/ST/STM32_USB_Device_Library/Class/CustomHID/Src/usbd_customhid.o
 *fill*         0x00000000080072a2        0x2 
 .text.USBD_CUSTOM_HID_GetDeviceQualifierDesc
                0x00000000080072a4       0x20 ./Middlewares/ST/STM32_USB_Device_Library/Class/CustomHID/Src/usbd_customhid.o
 .text.USBD_CUSTOM_HID_RegisterInterface
                0x00000000080072c4       0x34 ./Middlewares/ST/STM32_USB_Device_Library/Class/CustomHID/Src/usbd_customhid.o
                0x00000000080072c4                USBD_CUSTOM_HID_RegisterInterface
 .text.USBD_Init
                0x00000000080072f8       0x60 ./Middlewares/ST/STM32_USB_Device_Library/Core/Src/usbd_core.o
                0x00000000080072f8                USBD_Init
 .text.USBD_RegisterClass
                0x0000000008007358       0x6c ./Middlewares/ST/STM32_USB_Device_Library/Core/Src/usbd_core.o
                0x0000000008007358                USBD_RegisterClass
 .text.USBD_Start
                0x00000000080073c4       0x18 ./Middlewares/ST/STM32_USB_Device_Library/Core/Src/usbd_core.o
                0x00000000080073c4                USBD_Start
 .text.USBD_RunTestMode
                0x00000000080073dc       0x16 ./Middlewares/ST/STM32_USB_Device_Library/Core/Src/usbd_core.o
                0x00000000080073dc                USBD_RunTestMode
 .text.USBD_SetClassConfig
                0x00000000080073f2       0x38 ./Middlewares/ST/STM32_USB_Device_Library/Core/Src/usbd_core.o
                0x00000000080073f2                USBD_SetClassConfig
 .text.USBD_ClrClassConfig
                0x000000000800742a       0x34 ./Middlewares/ST/STM32_USB_Device_Library/Core/Src/usbd_core.o
                0x000000000800742a                USBD_ClrClassConfig
 .text.USBD_LL_SetupStage
                0x000000000800745e       0xaa ./Middlewares/ST/STM32_USB_Device_Library/Core/Src/usbd_core.o
                0x000000000800745e                USBD_LL_SetupStage
 .text.USBD_LL_DataOutStage
                0x0000000008007508      0x166 ./Middlewares/ST/STM32_USB_Device_Library/Core/Src/usbd_core.o
                0x0000000008007508                USBD_LL_DataOutStage
 .text.USBD_LL_DataInStage
                0x000000000800766e      0x164 ./Middlewares/ST/STM32_USB_Device_Library/Core/Src/usbd_core.o
                0x000000000800766e                USBD_LL_DataInStage
 .text.USBD_LL_Reset
                0x00000000080077d2       0xa4 ./Middlewares/ST/STM32_USB_Device_Library/Core/Src/usbd_core.o
                0x00000000080077d2                USBD_LL_Reset
 .text.USBD_LL_SetSpeed
                0x0000000008007876       0x20 ./Middlewares/ST/STM32_USB_Device_Library/Core/Src/usbd_core.o
                0x0000000008007876                USBD_LL_SetSpeed
 .text.USBD_LL_Suspend
                0x0000000008007896       0x38 ./Middlewares/ST/STM32_USB_Device_Library/Core/Src/usbd_core.o
                0x0000000008007896                USBD_LL_Suspend
 .text.USBD_LL_Resume
                0x00000000080078ce       0x30 ./Middlewares/ST/STM32_USB_Device_Library/Core/Src/usbd_core.o
                0x00000000080078ce                USBD_LL_Resume
 .text.USBD_LL_SOF
                0x00000000080078fe       0x40 ./Middlewares/ST/STM32_USB_Device_Library/Core/Src/usbd_core.o
                0x00000000080078fe                USBD_LL_SOF
 .text.USBD_LL_IsoINIncomplete
                0x000000000800793e       0x64 ./Middlewares/ST/STM32_USB_Device_Library/Core/Src/usbd_core.o
                0x000000000800793e                USBD_LL_IsoINIncomplete
 .text.USBD_LL_IsoOUTIncomplete
                0x00000000080079a2       0x64 ./Middlewares/ST/STM32_USB_Device_Library/Core/Src/usbd_core.o
                0x00000000080079a2                USBD_LL_IsoOUTIncomplete
 .text.USBD_LL_DevConnected
                0x0000000008007a06       0x16 ./Middlewares/ST/STM32_USB_Device_Library/Core/Src/usbd_core.o
                0x0000000008007a06                USBD_LL_DevConnected
 .text.USBD_LL_DevDisconnected
                0x0000000008007a1c       0x46 ./Middlewares/ST/STM32_USB_Device_Library/Core/Src/usbd_core.o
                0x0000000008007a1c                USBD_LL_DevDisconnected
 .text.USBD_CoreFindIF
                0x0000000008007a62       0x1a ./Middlewares/ST/STM32_USB_Device_Library/Core/Src/usbd_core.o
                0x0000000008007a62                USBD_CoreFindIF
 .text.USBD_CoreFindEP
                0x0000000008007a7c       0x1a ./Middlewares/ST/STM32_USB_Device_Library/Core/Src/usbd_core.o
                0x0000000008007a7c                USBD_CoreFindEP
 .text.USBD_GetEpDesc
                0x0000000008007a96       0x74 ./Middlewares/ST/STM32_USB_Device_Library/Core/Src/usbd_core.o
                0x0000000008007a96                USBD_GetEpDesc
 .text.USBD_GetNextDesc
                0x0000000008007b0a       0x3a ./Middlewares/ST/STM32_USB_Device_Library/Core/Src/usbd_core.o
                0x0000000008007b0a                USBD_GetNextDesc
 .text.SWAPBYTE
                0x0000000008007b44       0x3c ./Middlewares/ST/STM32_USB_Device_Library/Core/Src/usbd_ctlreq.o
 .text.USBD_StdDevReq
                0x0000000008007b80       0xe4 ./Middlewares/ST/STM32_USB_Device_Library/Core/Src/usbd_ctlreq.o
                0x0000000008007b80                USBD_StdDevReq
 .text.USBD_StdItfReq
                0x0000000008007c64       0xd8 ./Middlewares/ST/STM32_USB_Device_Library/Core/Src/usbd_ctlreq.o
                0x0000000008007c64                USBD_StdItfReq
 .text.USBD_StdEPReq
                0x0000000008007d3c      0x33a ./Middlewares/ST/STM32_USB_Device_Library/Core/Src/usbd_ctlreq.o
                0x0000000008007d3c                USBD_StdEPReq
 *fill*         0x0000000008008076        0x2 
 .text.USBD_GetDescriptor
                0x0000000008008078      0x2d4 ./Middlewares/ST/STM32_USB_Device_Library/Core/Src/usbd_ctlreq.o
 .text.USBD_SetAddress
                0x000000000800834c       0x88 ./Middlewares/ST/STM32_USB_Device_Library/Core/Src/usbd_ctlreq.o
 .text.USBD_SetConfig
                0x00000000080083d4      0x154 ./Middlewares/ST/STM32_USB_Device_Library/Core/Src/usbd_ctlreq.o
 .text.USBD_GetConfig
                0x0000000008008528       0x6c ./Middlewares/ST/STM32_USB_Device_Library/Core/Src/usbd_ctlreq.o
 .text.USBD_GetStatus
                0x0000000008008594       0x68 ./Middlewares/ST/STM32_USB_Device_Library/Core/Src/usbd_ctlreq.o
 .text.USBD_SetFeature
                0x00000000080085fc       0x52 ./Middlewares/ST/STM32_USB_Device_Library/Core/Src/usbd_ctlreq.o
 .text.USBD_ClrFeature
                0x000000000800864e       0x44 ./Middlewares/ST/STM32_USB_Device_Library/Core/Src/usbd_ctlreq.o
 .text.USBD_ParseSetupRequest
                0x0000000008008692       0x74 ./Middlewares/ST/STM32_USB_Device_Library/Core/Src/usbd_ctlreq.o
                0x0000000008008692                USBD_ParseSetupRequest
 .text.USBD_CtlError
                0x0000000008008706       0x22 ./Middlewares/ST/STM32_USB_Device_Library/Core/Src/usbd_ctlreq.o
                0x0000000008008706                USBD_CtlError
 .text.USBD_GetString
                0x0000000008008728       0x8c ./Middlewares/ST/STM32_USB_Device_Library/Core/Src/usbd_ctlreq.o
                0x0000000008008728                USBD_GetString
 .text.USBD_GetLen
                0x00000000080087b4       0x34 ./Middlewares/ST/STM32_USB_Device_Library/Core/Src/usbd_ctlreq.o
 .text.USBD_CtlSendData
                0x00000000080087e8       0x36 ./Middlewares/ST/STM32_USB_Device_Library/Core/Src/usbd_ioreq.o
                0x00000000080087e8                USBD_CtlSendData
 .text.USBD_CtlContinueSendData
                0x000000000800881e       0x22 ./Middlewares/ST/STM32_USB_Device_Library/Core/Src/usbd_ioreq.o
                0x000000000800881e                USBD_CtlContinueSendData
 .text.USBD_CtlPrepareRx
                0x0000000008008840       0x3a ./Middlewares/ST/STM32_USB_Device_Library/Core/Src/usbd_ioreq.o
                0x0000000008008840                USBD_CtlPrepareRx
 .text.USBD_CtlContinueRx
                0x000000000800887a       0x22 ./Middlewares/ST/STM32_USB_Device_Library/Core/Src/usbd_ioreq.o
                0x000000000800887a                USBD_CtlContinueRx
 .text.USBD_CtlSendStatus
                0x000000000800889c       0x26 ./Middlewares/ST/STM32_USB_Device_Library/Core/Src/usbd_ioreq.o
                0x000000000800889c                USBD_CtlSendStatus
 .text.USBD_CtlReceiveStatus
                0x00000000080088c2       0x26 ./Middlewares/ST/STM32_USB_Device_Library/Core/Src/usbd_ioreq.o
                0x00000000080088c2                USBD_CtlReceiveStatus
 .text.MX_USB_DEVICE_Init
                0x00000000080088e8       0x60 ./USB_DEVICE/App/usb_device.o
                0x00000000080088e8                MX_USB_DEVICE_Init
 .text.CUSTOM_HID_Init_FS
                0x0000000008008948       0x10 ./USB_DEVICE/App/usbd_custom_hid_if.o
 .text.CUSTOM_HID_DeInit_FS
                0x0000000008008958       0x10 ./USB_DEVICE/App/usbd_custom_hid_if.o
 .text.CUSTOM_HID_OutEvent_FS
                0x0000000008008968       0x7c ./USB_DEVICE/App/usbd_custom_hid_if.o
 .text.USBD_FS_DeviceDescriptor
                0x00000000080089e4       0x24 ./USB_DEVICE/App/usbd_desc.o
                0x00000000080089e4                USBD_FS_DeviceDescriptor
 .text.USBD_FS_LangIDStrDescriptor
                0x0000000008008a08       0x24 ./USB_DEVICE/App/usbd_desc.o
                0x0000000008008a08                USBD_FS_LangIDStrDescriptor
 .text.USBD_FS_ProductStrDescriptor
                0x0000000008008a2c       0x3c ./USB_DEVICE/App/usbd_desc.o
                0x0000000008008a2c                USBD_FS_ProductStrDescriptor
 .text.USBD_FS_ManufacturerStrDescriptor
                0x0000000008008a68       0x28 ./USB_DEVICE/App/usbd_desc.o
                0x0000000008008a68                USBD_FS_ManufacturerStrDescriptor
 .text.USBD_FS_SerialStrDescriptor
                0x0000000008008a90       0x24 ./USB_DEVICE/App/usbd_desc.o
                0x0000000008008a90                USBD_FS_SerialStrDescriptor
 .text.USBD_FS_ConfigStrDescriptor
                0x0000000008008ab4       0x3c ./USB_DEVICE/App/usbd_desc.o
                0x0000000008008ab4                USBD_FS_ConfigStrDescriptor
 .text.USBD_FS_InterfaceStrDescriptor
                0x0000000008008af0       0x3c ./USB_DEVICE/App/usbd_desc.o
                0x0000000008008af0                USBD_FS_InterfaceStrDescriptor
 .text.Get_SerialNum
                0x0000000008008b2c       0x58 ./USB_DEVICE/App/usbd_desc.o
 .text.IntToUnicode
                0x0000000008008b84       0x7e ./USB_DEVICE/App/usbd_desc.o
 *fill*         0x0000000008008c02        0x2 
 .text.HAL_PCD_MspInit
                0x0000000008008c04       0xa8 ./USB_DEVICE/Target/usbd_conf.o
                0x0000000008008c04                HAL_PCD_MspInit
 .text.HAL_PCD_SetupStageCallback
                0x0000000008008cac       0x24 ./USB_DEVICE/Target/usbd_conf.o
                0x0000000008008cac                HAL_PCD_SetupStageCallback
 .text.HAL_PCD_DataOutStageCallback
                0x0000000008008cd0       0x36 ./USB_DEVICE/Target/usbd_conf.o
                0x0000000008008cd0                HAL_PCD_DataOutStageCallback
 .text.HAL_PCD_DataInStageCallback
                0x0000000008008d06       0x34 ./USB_DEVICE/Target/usbd_conf.o
                0x0000000008008d06                HAL_PCD_DataInStageCallback
 .text.HAL_PCD_SOFCallback
                0x0000000008008d3a       0x1c ./USB_DEVICE/Target/usbd_conf.o
                0x0000000008008d3a                HAL_PCD_SOFCallback
 .text.HAL_PCD_ResetCallback
                0x0000000008008d56       0x3c ./USB_DEVICE/Target/usbd_conf.o
                0x0000000008008d56                HAL_PCD_ResetCallback
 *fill*         0x0000000008008d92        0x2 
 .text.HAL_PCD_SuspendCallback
                0x0000000008008d94       0x4c ./USB_DEVICE/Target/usbd_conf.o
                0x0000000008008d94                HAL_PCD_SuspendCallback
 .text.HAL_PCD_ResumeCallback
                0x0000000008008de0       0x1c ./USB_DEVICE/Target/usbd_conf.o
                0x0000000008008de0                HAL_PCD_ResumeCallback
 .text.HAL_PCD_ISOOUTIncompleteCallback
                0x0000000008008dfc       0x24 ./USB_DEVICE/Target/usbd_conf.o
                0x0000000008008dfc                HAL_PCD_ISOOUTIncompleteCallback
 .text.HAL_PCD_ISOINIncompleteCallback
                0x0000000008008e20       0x24 ./USB_DEVICE/Target/usbd_conf.o
                0x0000000008008e20                HAL_PCD_ISOINIncompleteCallback
 .text.HAL_PCD_ConnectCallback
                0x0000000008008e44       0x1c ./USB_DEVICE/Target/usbd_conf.o
                0x0000000008008e44                HAL_PCD_ConnectCallback
 .text.HAL_PCD_DisconnectCallback
                0x0000000008008e60       0x1c ./USB_DEVICE/Target/usbd_conf.o
                0x0000000008008e60                HAL_PCD_DisconnectCallback
 .text.USBD_LL_Init
                0x0000000008008e7c       0x98 ./USB_DEVICE/Target/usbd_conf.o
                0x0000000008008e7c                USBD_LL_Init
 .text.USBD_LL_Start
                0x0000000008008f14       0x36 ./USB_DEVICE/Target/usbd_conf.o
                0x0000000008008f14                USBD_LL_Start
 .text.USBD_LL_OpenEP
                0x0000000008008f4a       0x4c ./USB_DEVICE/Target/usbd_conf.o
                0x0000000008008f4a                USBD_LL_OpenEP
 .text.USBD_LL_CloseEP
                0x0000000008008f96       0x3e ./USB_DEVICE/Target/usbd_conf.o
                0x0000000008008f96                USBD_LL_CloseEP
 .text.USBD_LL_StallEP
                0x0000000008008fd4       0x3e ./USB_DEVICE/Target/usbd_conf.o
                0x0000000008008fd4                USBD_LL_StallEP
 .text.USBD_LL_ClearStallEP
                0x0000000008009012       0x3e ./USB_DEVICE/Target/usbd_conf.o
                0x0000000008009012                USBD_LL_ClearStallEP
 .text.USBD_LL_IsStallEP
                0x0000000008009050       0x58 ./USB_DEVICE/Target/usbd_conf.o
                0x0000000008009050                USBD_LL_IsStallEP
 .text.USBD_LL_SetUSBAddress
                0x00000000080090a8       0x3e ./USB_DEVICE/Target/usbd_conf.o
                0x00000000080090a8                USBD_LL_SetUSBAddress
 .text.USBD_LL_Transmit
                0x00000000080090e6       0x42 ./USB_DEVICE/Target/usbd_conf.o
                0x00000000080090e6                USBD_LL_Transmit
 .text.USBD_LL_PrepareReceive
                0x0000000008009128       0x42 ./USB_DEVICE/Target/usbd_conf.o
                0x0000000008009128                USBD_LL_PrepareReceive
 *fill*         0x000000000800916a        0x2 
 .text.USBD_static_malloc
                0x000000000800916c       0x1c ./USB_DEVICE/Target/usbd_conf.o
                0x000000000800916c                USBD_static_malloc
 .text.USBD_static_free
                0x0000000008009188       0x14 ./USB_DEVICE/Target/usbd_conf.o
                0x0000000008009188                USBD_static_free
 .text.USBD_Get_USB_Status
                0x000000000800919c       0x58 ./USB_DEVICE/Target/usbd_conf.o
                0x000000000800919c                USBD_Get_USB_Status
 .text.memset   0x00000000080091f4       0x10 C:/ST/STM32CubeIDE_1.14.1/STM32CubeIDE/plugins/com.st.stm32cube.ide.mcu.externaltools.gnu-tools-for-stm32.11.3.rel1.win32_1.1.100.202309141235/tools/bin/../lib/gcc/arm-none-eabi/11.3.1/../../../../arm-none-eabi/lib/thumb/v7e-m+fp/hard\libc_nano.a(libc_a-memset.o)
                0x00000000080091f4                memset
 .text.__libc_init_array
                0x0000000008009204       0x48 C:/ST/STM32CubeIDE_1.14.1/STM32CubeIDE/plugins/com.st.stm32cube.ide.mcu.externaltools.gnu-tools-for-stm32.11.3.rel1.win32_1.1.100.202309141235/tools/bin/../lib/gcc/arm-none-eabi/11.3.1/../../../../arm-none-eabi/lib/thumb/v7e-m+fp/hard\libc_nano.a(libc_a-init.o)
                0x0000000008009204                __libc_init_array
 *(.glue_7)
 .glue_7        0x000000000800924c        0x0 linker stubs
 *(.glue_7t)
 .glue_7t       0x000000000800924c        0x0 linker stubs
 *(.eh_frame)
 .eh_frame      0x000000000800924c        0x0 C:/ST/STM32CubeIDE_1.14.1/STM32CubeIDE/plugins/com.st.stm32cube.ide.mcu.externaltools.gnu-tools-for-stm32.11.3.rel1.win32_1.1.100.202309141235/tools/bin/../lib/gcc/arm-none-eabi/11.3.1/thumb/v7e-m+fp/hard/crtbegin.o
 *(.init)
 .init          0x000000000800924c        0x4 C:/ST/STM32CubeIDE_1.14.1/STM32CubeIDE/plugins/com.st.stm32cube.ide.mcu.externaltools.gnu-tools-for-stm32.11.3.rel1.win32_1.1.100.202309141235/tools/bin/../lib/gcc/arm-none-eabi/11.3.1/thumb/v7e-m+fp/hard/crti.o
                0x000000000800924c                _init
 .init          0x0000000008009250        0x8 C:/ST/STM32CubeIDE_1.14.1/STM32CubeIDE/plugins/com.st.stm32cube.ide.mcu.externaltools.gnu-tools-for-stm32.11.3.rel1.win32_1.1.100.202309141235/tools/bin/../lib/gcc/arm-none-eabi/11.3.1/thumb/v7e-m+fp/hard/crtn.o
 *(.fini)
 .fini          0x0000000008009258        0x4 C:/ST/STM32CubeIDE_1.14.1/STM32CubeIDE/plugins/com.st.stm32cube.ide.mcu.externaltools.gnu-tools-for-stm32.11.3.rel1.win32_1.1.100.202309141235/tools/bin/../lib/gcc/arm-none-eabi/11.3.1/thumb/v7e-m+fp/hard/crti.o
                0x0000000008009258                _fini
 .fini          0x000000000800925c        0x8 C:/ST/STM32CubeIDE_1.14.1/STM32CubeIDE/plugins/com.st.stm32cube.ide.mcu.externaltools.gnu-tools-for-stm32.11.3.rel1.win32_1.1.100.202309141235/tools/bin/../lib/gcc/arm-none-eabi/11.3.1/thumb/v7e-m+fp/hard/crtn.o
                0x0000000008009264                . = ALIGN (0x4)
                0x0000000008009264                _etext = .

.vfp11_veneer   0x0000000008009264        0x0
 .vfp11_veneer  0x0000000008009264        0x0 linker stubs

.v4_bx          0x0000000008009264        0x0
 .v4_bx         0x0000000008009264        0x0 linker stubs

.iplt           0x0000000008009264        0x0
 .iplt          0x0000000008009264        0x0 C:/ST/STM32CubeIDE_1.14.1/STM32CubeIDE/plugins/com.st.stm32cube.ide.mcu.externaltools.gnu-tools-for-stm32.11.3.rel1.win32_1.1.100.202309141235/tools/bin/../lib/gcc/arm-none-eabi/11.3.1/thumb/v7e-m+fp/hard/crtbegin.o

.rodata         0x0000000008009264     0x810c
                0x0000000008009264                . = ALIGN (0x4)
 *(.rodata)
 .rodata        0x0000000008009264       0x55 ./USB_DEVICE/App/usbd_desc.o
 *(.rodata*)
 *fill*         0x00000000080092b9        0x3 
 .rodata.AHBPrescTable
                0x00000000080092bc       0x10 ./Core/Src/system_stm32f4xx.o
                0x00000000080092bc                AHBPrescTable
 .rodata.APBPrescTable
                0x00000000080092cc        0x8 ./Core/Src/system_stm32f4xx.o
                0x00000000080092cc                APBPrescTable
 .rodata.flagBitshiftOffset.0
                0x00000000080092d4        0x8 ./Drivers/STM32F4xx_HAL_Driver/Src/stm32f4xx_hal_dma.o
 .rodata.brass2
                0x00000000080092dc     0x8094 ./USB_DEVICE/App/usbd_custom_hid_if.o
                0x0000000008011370                . = ALIGN (0x4)

.ARM.extab      0x0000000008011370        0x0
                0x0000000008011370                . = ALIGN (0x4)
 *(.ARM.extab* .gnu.linkonce.armextab.*)
                0x0000000008011370                . = ALIGN (0x4)

.ARM            0x0000000008011370        0x8
                0x0000000008011370                . = ALIGN (0x4)
                0x0000000008011370                __exidx_start = .
 *(.ARM.exidx*)
 .ARM.exidx     0x0000000008011370        0x8 C:/ST/STM32CubeIDE_1.14.1/STM32CubeIDE/plugins/com.st.stm32cube.ide.mcu.externaltools.gnu-tools-for-stm32.11.3.rel1.win32_1.1.100.202309141235/tools/bin/../lib/gcc/arm-none-eabi/11.3.1/thumb/v7e-m+fp/hard\libgcc.a(_udivmoddi4.o)
                0x0000000008011378                __exidx_end = .
                0x0000000008011378                . = ALIGN (0x4)

.rel.dyn        0x0000000008011378        0x0
 .rel.iplt      0x0000000008011378        0x0 C:/ST/STM32CubeIDE_1.14.1/STM32CubeIDE/plugins/com.st.stm32cube.ide.mcu.externaltools.gnu-tools-for-stm32.11.3.rel1.win32_1.1.100.202309141235/tools/bin/../lib/gcc/arm-none-eabi/11.3.1/thumb/v7e-m+fp/hard/crtbegin.o

.preinit_array  0x0000000008011378        0x0
                0x0000000008011378                . = ALIGN (0x4)
                0x0000000008011378                PROVIDE (__preinit_array_start = .)
 *(.preinit_array*)
                0x0000000008011378                PROVIDE (__preinit_array_end = .)
                0x0000000008011378                . = ALIGN (0x4)

.init_array     0x0000000008011378        0x4
                0x0000000008011378                . = ALIGN (0x4)
                0x0000000008011378                PROVIDE (__init_array_start = .)
 *(SORT_BY_NAME(.init_array.*))
 *(.init_array*)
 .init_array    0x0000000008011378        0x4 C:/ST/STM32CubeIDE_1.14.1/STM32CubeIDE/plugins/com.st.stm32cube.ide.mcu.externaltools.gnu-tools-for-stm32.11.3.rel1.win32_1.1.100.202309141235/tools/bin/../lib/gcc/arm-none-eabi/11.3.1/thumb/v7e-m+fp/hard/crtbegin.o
                0x000000000801137c                PROVIDE (__init_array_end = .)
                0x000000000801137c                . = ALIGN (0x4)

.fini_array     0x000000000801137c        0x4
                0x000000000801137c                . = ALIGN (0x4)
                [!provide]                        PROVIDE (__fini_array_start = .)
 *(SORT_BY_NAME(.fini_array.*))
 *(.fini_array*)
 .fini_array    0x000000000801137c        0x4 C:/ST/STM32CubeIDE_1.14.1/STM32CubeIDE/plugins/com.st.stm32cube.ide.mcu.externaltools.gnu-tools-for-stm32.11.3.rel1.win32_1.1.100.202309141235/tools/bin/../lib/gcc/arm-none-eabi/11.3.1/thumb/v7e-m+fp/hard/crtbegin.o
                [!provide]                        PROVIDE (__fini_array_end = .)
                0x0000000008011380                . = ALIGN (0x4)
                0x0000000008011380                _sidata = LOADADDR (.data)

.data           0x0000000020000000      0x1d4 load address 0x0000000008011380
                0x0000000020000000                . = ALIGN (0x4)
                0x0000000020000000                _sdata = .
 *(.data)
 *(.data*)
 .data.SystemCoreClock
                0x0000000020000000        0x4 ./Core/Src/system_stm32f4xx.o
                0x0000000020000000                SystemCoreClock
 .data.uwTickPrio
                0x0000000020000004        0x4 ./Drivers/STM32F4xx_HAL_Driver/Src/stm32f4xx_hal.o
                0x0000000020000004                uwTickPrio
 .data.uwTickFreq
                0x0000000020000008        0x1 ./Drivers/STM32F4xx_HAL_Driver/Src/stm32f4xx_hal.o
                0x0000000020000008                uwTickFreq
 *fill*         0x0000000020000009        0x3 
 .data.USBD_CUSTOM_HID
                0x000000002000000c       0x38 ./Middlewares/ST/STM32_USB_Device_Library/Class/CustomHID/Src/usbd_customhid.o
                0x000000002000000c                USBD_CUSTOM_HID
 .data.USBD_CUSTOM_HID_CfgDesc
                0x0000000020000044       0x99 ./Middlewares/ST/STM32_USB_Device_Library/Class/CustomHID/Src/usbd_customhid.o
 *fill*         0x00000000200000dd        0x3 
 .data.USBD_CUSTOM_HID_Desc
                0x00000000200000e0        0x9 ./Middlewares/ST/STM32_USB_Device_Library/Class/CustomHID/Src/usbd_customhid.o
 *fill*         0x00000000200000e9        0x3 
 .data.USBD_CUSTOM_HID_DeviceQualifierDesc
                0x00000000200000ec        0xa ./Middlewares/ST/STM32_USB_Device_Library/Class/CustomHID/Src/usbd_customhid.o
 .data.CUSTOMHIDInEpAdd
                0x00000000200000f6        0x1 ./Middlewares/ST/STM32_USB_Device_Library/Class/CustomHID/Src/usbd_customhid.o
 .data.CUSTOMHIDOutEpAdd
                0x00000000200000f7        0x1 ./Middlewares/ST/STM32_USB_Device_Library/Class/CustomHID/Src/usbd_customhid.o
 .data.CUSTOM_HID_ReportDesc_FS
                0x00000000200000f8       0x79 ./USB_DEVICE/App/usbd_custom_hid_if.o
 *fill*         0x0000000020000171        0x3 
 .data.USBD_CustomHID_fops_FS
                0x0000000020000174       0x10 ./USB_DEVICE/App/usbd_custom_hid_if.o
                0x0000000020000174                USBD_CustomHID_fops_FS
 .data.FS_Desc  0x0000000020000184       0x1c ./USB_DEVICE/App/usbd_desc.o
                0x0000000020000184                FS_Desc
 .data.USBD_FS_DeviceDesc
                0x00000000200001a0       0x12 ./USB_DEVICE/App/usbd_desc.o
                0x00000000200001a0                USBD_FS_DeviceDesc
 *fill*         0x00000000200001b2        0x2 
 .data.USBD_LangIDDesc
                0x00000000200001b4        0x4 ./USB_DEVICE/App/usbd_desc.o
                0x00000000200001b4                USBD_LangIDDesc
 .data.USBD_StringSerial
                0x00000000200001b8       0x1a ./USB_DEVICE/App/usbd_desc.o
                0x00000000200001b8                USBD_StringSerial
 *(.RamFunc)
 *(.RamFunc*)
                0x00000000200001d4                . = ALIGN (0x4)
 *fill*         0x00000000200001d2        0x2 
                0x00000000200001d4                _edata = .

.igot.plt       0x00000000200001d4        0x0 load address 0x0000000008011554
 .igot.plt      0x00000000200001d4        0x0 C:/ST/STM32CubeIDE_1.14.1/STM32CubeIDE/plugins/com.st.stm32cube.ide.mcu.externaltools.gnu-tools-for-stm32.11.3.rel1.win32_1.1.100.202309141235/tools/bin/../lib/gcc/arm-none-eabi/11.3.1/thumb/v7e-m+fp/hard/crtbegin.o
                0x00000000200001d4                . = ALIGN (0x4)

.bss            0x00000000200001d4      0xbf4 load address 0x0000000008011554
                0x00000000200001d4                _sbss = .
                0x00000000200001d4                __bss_start__ = _sbss
 *(.bss)
 .bss           0x00000000200001d4       0x1c C:/ST/STM32CubeIDE_1.14.1/STM32CubeIDE/plugins/com.st.stm32cube.ide.mcu.externaltools.gnu-tools-for-stm32.11.3.rel1.win32_1.1.100.202309141235/tools/bin/../lib/gcc/arm-none-eabi/11.3.1/thumb/v7e-m+fp/hard/crtbegin.o
 *(.bss*)
 .bss.hadc1     0x00000000200001f0       0x48 ./Core/Src/main.o
                0x00000000200001f0                hadc1
 .bss.hdma_adc1
                0x0000000020000238       0x60 ./Core/Src/main.o
                0x0000000020000238                hdma_adc1
 .bss.hi2s2     0x0000000020000298       0x48 ./Core/Src/main.o
                0x0000000020000298                hi2s2
 .bss.hdma_spi2_tx
                0x00000000200002e0       0x60 ./Core/Src/main.o
                0x00000000200002e0                hdma_spi2_tx
 .bss.huart2    0x0000000020000340       0x48 ./Core/Src/main.o
                0x0000000020000340                huart2
 .bss.adc_out   0x0000000020000388       0x40 ./Core/Src/main.o
                0x0000000020000388                adc_out
 .bss.adc_avg   0x00000000200003c8        0x2 ./Core/Src/main.o
                0x00000000200003c8                adc_avg
 *fill*         0x00000000200003ca        0x2 
 .bss.input_buff
                0x00000000200003cc       0x14 ./Core/Src/main.o
                0x00000000200003cc                input_buff
 .bss.uwTick    0x00000000200003e0        0x4 ./Drivers/STM32F4xx_HAL_Driver/Src/stm32f4xx_hal.o
                0x00000000200003e0                uwTick
 .bss.cfgidx.0  0x00000000200003e4        0x1 ./Middlewares/ST/STM32_USB_Device_Library/Core/Src/usbd_ctlreq.o
 *fill*         0x00000000200003e5        0x3 
 .bss.hUsbDeviceFS
                0x00000000200003e8      0x2dc ./USB_DEVICE/App/usb_device.o
                0x00000000200003e8                hUsbDeviceFS
 .bss.USBD_StrDesc
                0x00000000200006c4      0x200 ./USB_DEVICE/App/usbd_desc.o
                0x00000000200006c4                USBD_StrDesc
 .bss.hpcd_USB_OTG_FS
                0x00000000200008c4      0x4e4 ./USB_DEVICE/Target/usbd_conf.o
                0x00000000200008c4                hpcd_USB_OTG_FS
 .bss.mem.0     0x0000000020000da8       0x20 ./USB_DEVICE/Target/usbd_conf.o
 *(COMMON)
                0x0000000020000dc8                . = ALIGN (0x4)
                0x0000000020000dc8                _ebss = .
                0x0000000020000dc8                __bss_end__ = _ebss

._user_heap_stack
                0x0000000020000dc8      0x600 load address 0x0000000008011554
                0x0000000020000dc8                . = ALIGN (0x8)
                [!provide]                        PROVIDE (end = .)
                0x0000000020000dc8                PROVIDE (_end = .)
                0x0000000020000fc8                . = (. + _Min_Heap_Size)
 *fill*         0x0000000020000dc8      0x200 
                0x00000000200013c8                . = (. + _Min_Stack_Size)
 *fill*         0x0000000020000fc8      0x400 
                0x00000000200013c8                . = ALIGN (0x8)

/DISCARD/
 libc.a(*)
 libm.a(*)
 libgcc.a(*)

.ARM.attributes
                0x0000000000000000       0x30
 *(.ARM.attributes)
 .ARM.attributes
                0x0000000000000000       0x1e C:/ST/STM32CubeIDE_1.14.1/STM32CubeIDE/plugins/com.st.stm32cube.ide.mcu.externaltools.gnu-tools-for-stm32.11.3.rel1.win32_1.1.100.202309141235/tools/bin/../lib/gcc/arm-none-eabi/11.3.1/thumb/v7e-m+fp/hard/crti.o
 .ARM.attributes
                0x000000000000001e       0x34 C:/ST/STM32CubeIDE_1.14.1/STM32CubeIDE/plugins/com.st.stm32cube.ide.mcu.externaltools.gnu-tools-for-stm32.11.3.rel1.win32_1.1.100.202309141235/tools/bin/../lib/gcc/arm-none-eabi/11.3.1/thumb/v7e-m+fp/hard/crtbegin.o
 .ARM.attributes
                0x0000000000000052       0x34 ./Core/Src/main.o
 .ARM.attributes
                0x0000000000000086       0x34 ./Core/Src/stm32f4xx_hal_msp.o
 .ARM.attributes
                0x00000000000000ba       0x34 ./Core/Src/stm32f4xx_it.o
 .ARM.attributes
                0x00000000000000ee       0x34 ./Core/Src/system_stm32f4xx.o
 .ARM.attributes
                0x0000000000000122       0x21 ./Core/Startup/startup_stm32f411retx.o
 .ARM.attributes
                0x0000000000000143       0x34 ./Drivers/STM32F4xx_HAL_Driver/Src/stm32f4xx_hal.o
 .ARM.attributes
                0x0000000000000177       0x34 ./Drivers/STM32F4xx_HAL_Driver/Src/stm32f4xx_hal_adc.o
 .ARM.attributes
                0x00000000000001ab       0x34 ./Drivers/STM32F4xx_HAL_Driver/Src/stm32f4xx_hal_cortex.o
 .ARM.attributes
                0x00000000000001df       0x34 ./Drivers/STM32F4xx_HAL_Driver/Src/stm32f4xx_hal_dma.o
 .ARM.attributes
                0x0000000000000213       0x34 ./Drivers/STM32F4xx_HAL_Driver/Src/stm32f4xx_hal_gpio.o
 .ARM.attributes
                0x0000000000000247       0x34 ./Drivers/STM32F4xx_HAL_Driver/Src/stm32f4xx_hal_i2s.o
 .ARM.attributes
                0x000000000000027b       0x34 ./Drivers/STM32F4xx_HAL_Driver/Src/stm32f4xx_hal_i2s_ex.o
 .ARM.attributes
                0x00000000000002af       0x34 ./Drivers/STM32F4xx_HAL_Driver/Src/stm32f4xx_hal_pcd.o
 .ARM.attributes
                0x00000000000002e3       0x34 ./Drivers/STM32F4xx_HAL_Driver/Src/stm32f4xx_hal_pcd_ex.o
 .ARM.attributes
                0x0000000000000317       0x34 ./Drivers/STM32F4xx_HAL_Driver/Src/stm32f4xx_hal_rcc.o
 .ARM.attributes
                0x000000000000034b       0x34 ./Drivers/STM32F4xx_HAL_Driver/Src/stm32f4xx_hal_rcc_ex.o
 .ARM.attributes
                0x000000000000037f       0x34 ./Drivers/STM32F4xx_HAL_Driver/Src/stm32f4xx_hal_uart.o
 .ARM.attributes
                0x00000000000003b3       0x34 ./Drivers/STM32F4xx_HAL_Driver/Src/stm32f4xx_ll_usb.o
 .ARM.attributes
                0x00000000000003e7       0x34 ./Middlewares/ST/STM32_USB_Device_Library/Class/CustomHID/Src/usbd_customhid.o
 .ARM.attributes
                0x000000000000041b       0x34 ./Middlewares/ST/STM32_USB_Device_Library/Core/Src/usbd_core.o
 .ARM.attributes
                0x000000000000044f       0x34 ./Middlewares/ST/STM32_USB_Device_Library/Core/Src/usbd_ctlreq.o
 .ARM.attributes
                0x0000000000000483       0x34 ./Middlewares/ST/STM32_USB_Device_Library/Core/Src/usbd_ioreq.o
 .ARM.attributes
                0x00000000000004b7       0x34 ./USB_DEVICE/App/usb_device.o
 .ARM.attributes
                0x00000000000004eb       0x34 ./USB_DEVICE/App/usbd_custom_hid_if.o
 .ARM.attributes
                0x000000000000051f       0x34 ./USB_DEVICE/App/usbd_desc.o
 .ARM.attributes
                0x0000000000000553       0x34 ./USB_DEVICE/Target/usbd_conf.o
 .ARM.attributes
                0x0000000000000587       0x34 C:/ST/STM32CubeIDE_1.14.1/STM32CubeIDE/plugins/com.st.stm32cube.ide.mcu.externaltools.gnu-tools-for-stm32.11.3.rel1.win32_1.1.100.202309141235/tools/bin/../lib/gcc/arm-none-eabi/11.3.1/../../../../arm-none-eabi/lib/thumb/v7e-m+fp/hard\libc_nano.a(libc_a-memset.o)
 .ARM.attributes
                0x00000000000005bb       0x34 C:/ST/STM32CubeIDE_1.14.1/STM32CubeIDE/plugins/com.st.stm32cube.ide.mcu.externaltools.gnu-tools-for-stm32.11.3.rel1.win32_1.1.100.202309141235/tools/bin/../lib/gcc/arm-none-eabi/11.3.1/../../../../arm-none-eabi/lib/thumb/v7e-m+fp/hard\libc_nano.a(libc_a-init.o)
 .ARM.attributes
                0x00000000000005ef       0x1e C:/ST/STM32CubeIDE_1.14.1/STM32CubeIDE/plugins/com.st.stm32cube.ide.mcu.externaltools.gnu-tools-for-stm32.11.3.rel1.win32_1.1.100.202309141235/tools/bin/../lib/gcc/arm-none-eabi/11.3.1/thumb/v7e-m+fp/hard\libgcc.a(_aeabi_uldivmod.o)
 .ARM.attributes
                0x000000000000060d       0x34 C:/ST/STM32CubeIDE_1.14.1/STM32CubeIDE/plugins/com.st.stm32cube.ide.mcu.externaltools.gnu-tools-for-stm32.11.3.rel1.win32_1.1.100.202309141235/tools/bin/../lib/gcc/arm-none-eabi/11.3.1/thumb/v7e-m+fp/hard\libgcc.a(_udivmoddi4.o)
 .ARM.attributes
                0x0000000000000641       0x1e C:/ST/STM32CubeIDE_1.14.1/STM32CubeIDE/plugins/com.st.stm32cube.ide.mcu.externaltools.gnu-tools-for-stm32.11.3.rel1.win32_1.1.100.202309141235/tools/bin/../lib/gcc/arm-none-eabi/11.3.1/thumb/v7e-m+fp/hard\libgcc.a(_dvmd_tls.o)
 .ARM.attributes
                0x000000000000065f       0x1e C:/ST/STM32CubeIDE_1.14.1/STM32CubeIDE/plugins/com.st.stm32cube.ide.mcu.externaltools.gnu-tools-for-stm32.11.3.rel1.win32_1.1.100.202309141235/tools/bin/../lib/gcc/arm-none-eabi/11.3.1/thumb/v7e-m+fp/hard/crtn.o
OUTPUT(test_new.elf elf32-littlearm)
LOAD linker stubs
LOAD C:/ST/STM32CubeIDE_1.14.1/STM32CubeIDE/plugins/com.st.stm32cube.ide.mcu.externaltools.gnu-tools-for-stm32.11.3.rel1.win32_1.1.100.202309141235/tools/bin/../lib/gcc/arm-none-eabi/11.3.1/../../../../arm-none-eabi/lib/thumb/v7e-m+fp/hard\libc.a
LOAD C:/ST/STM32CubeIDE_1.14.1/STM32CubeIDE/plugins/com.st.stm32cube.ide.mcu.externaltools.gnu-tools-for-stm32.11.3.rel1.win32_1.1.100.202309141235/tools/bin/../lib/gcc/arm-none-eabi/11.3.1/../../../../arm-none-eabi/lib/thumb/v7e-m+fp/hard\libm.a
LOAD C:/ST/STM32CubeIDE_1.14.1/STM32CubeIDE/plugins/com.st.stm32cube.ide.mcu.externaltools.gnu-tools-for-stm32.11.3.rel1.win32_1.1.100.202309141235/tools/bin/../lib/gcc/arm-none-eabi/11.3.1/thumb/v7e-m+fp/hard\libgcc.a

.comment        0x0000000000000000       0x43
 .comment       0x0000000000000000       0x43 C:/ST/STM32CubeIDE_1.14.1/STM32CubeIDE/plugins/com.st.stm32cube.ide.mcu.externaltools.gnu-tools-for-stm32.11.3.rel1.win32_1.1.100.202309141235/tools/bin/../lib/gcc/arm-none-eabi/11.3.1/thumb/v7e-m+fp/hard/crtbegin.o
                                         0x44 (size before relaxing)
 .comment       0x0000000000000043       0x44 ./Core/Src/main.o
 .comment       0x0000000000000043       0x44 ./Core/Src/stm32f4xx_hal_msp.o
 .comment       0x0000000000000043       0x44 ./Core/Src/stm32f4xx_it.o
 .comment       0x0000000000000043       0x44 ./Core/Src/system_stm32f4xx.o
 .comment       0x0000000000000043       0x44 ./Drivers/STM32F4xx_HAL_Driver/Src/stm32f4xx_hal.o
 .comment       0x0000000000000043       0x44 ./Drivers/STM32F4xx_HAL_Driver/Src/stm32f4xx_hal_adc.o
 .comment       0x0000000000000043       0x44 ./Drivers/STM32F4xx_HAL_Driver/Src/stm32f4xx_hal_cortex.o
 .comment       0x0000000000000043       0x44 ./Drivers/STM32F4xx_HAL_Driver/Src/stm32f4xx_hal_dma.o
 .comment       0x0000000000000043       0x44 ./Drivers/STM32F4xx_HAL_Driver/Src/stm32f4xx_hal_gpio.o
 .comment       0x0000000000000043       0x44 ./Drivers/STM32F4xx_HAL_Driver/Src/stm32f4xx_hal_i2s.o
 .comment       0x0000000000000043       0x44 ./Drivers/STM32F4xx_HAL_Driver/Src/stm32f4xx_hal_i2s_ex.o
 .comment       0x0000000000000043       0x44 ./Drivers/STM32F4xx_HAL_Driver/Src/stm32f4xx_hal_pcd.o
 .comment       0x0000000000000043       0x44 ./Drivers/STM32F4xx_HAL_Driver/Src/stm32f4xx_hal_pcd_ex.o
 .comment       0x0000000000000043       0x44 ./Drivers/STM32F4xx_HAL_Driver/Src/stm32f4xx_hal_rcc.o
 .comment       0x0000000000000043       0x44 ./Drivers/STM32F4xx_HAL_Driver/Src/stm32f4xx_hal_rcc_ex.o
 .comment       0x0000000000000043       0x44 ./Drivers/STM32F4xx_HAL_Driver/Src/stm32f4xx_hal_uart.o
 .comment       0x0000000000000043       0x44 ./Drivers/STM32F4xx_HAL_Driver/Src/stm32f4xx_ll_usb.o
 .comment       0x0000000000000043       0x44 ./Middlewares/ST/STM32_USB_Device_Library/Class/CustomHID/Src/usbd_customhid.o
 .comment       0x0000000000000043       0x44 ./Middlewares/ST/STM32_USB_Device_Library/Core/Src/usbd_core.o
 .comment       0x0000000000000043       0x44 ./Middlewares/ST/STM32_USB_Device_Library/Core/Src/usbd_ctlreq.o
 .comment       0x0000000000000043       0x44 ./Middlewares/ST/STM32_USB_Device_Library/Core/Src/usbd_ioreq.o
 .comment       0x0000000000000043       0x44 ./USB_DEVICE/App/usb_device.o
 .comment       0x0000000000000043       0x44 ./USB_DEVICE/App/usbd_custom_hid_if.o
 .comment       0x0000000000000043       0x44 ./USB_DEVICE/App/usbd_desc.o
 .comment       0x0000000000000043       0x44 ./USB_DEVICE/Target/usbd_conf.o

.debug_info     0x0000000000000000    0x15b81
 .debug_info    0x0000000000000000     0x1a28 ./Core/Src/main.o
 .debug_info    0x0000000000001a28     0x10f9 ./Core/Src/stm32f4xx_hal_msp.o
 .debug_info    0x0000000000002b21      0x907 ./Core/Src/stm32f4xx_it.o
 .debug_info    0x0000000000003428      0x53e ./Core/Src/system_stm32f4xx.o
 .debug_info    0x0000000000003966       0x23 ./Core/Startup/startup_stm32f411retx.o
 .debug_info    0x0000000000003989      0x8c4 ./Drivers/STM32F4xx_HAL_Driver/Src/stm32f4xx_hal.o
 .debug_info    0x000000000000424d      0xcd1 ./Drivers/STM32F4xx_HAL_Driver/Src/stm32f4xx_hal_adc.o
 .debug_info    0x0000000000004f1e      0xcc7 ./Drivers/STM32F4xx_HAL_Driver/Src/stm32f4xx_hal_cortex.o
 .debug_info    0x0000000000005be5      0x8e6 ./Drivers/STM32F4xx_HAL_Driver/Src/stm32f4xx_hal_dma.o
 .debug_info    0x00000000000064cb      0x6f9 ./Drivers/STM32F4xx_HAL_Driver/Src/stm32f4xx_hal_gpio.o
 .debug_info    0x0000000000006bc4      0xdfd ./Drivers/STM32F4xx_HAL_Driver/Src/stm32f4xx_hal_i2s.o
 .debug_info    0x00000000000079c1      0xaf0 ./Drivers/STM32F4xx_HAL_Driver/Src/stm32f4xx_hal_i2s_ex.o
 .debug_info    0x00000000000084b1     0x1577 ./Drivers/STM32F4xx_HAL_Driver/Src/stm32f4xx_hal_pcd.o
 .debug_info    0x0000000000009a28      0x6ea ./Drivers/STM32F4xx_HAL_Driver/Src/stm32f4xx_hal_pcd_ex.o
 .debug_info    0x000000000000a112      0x8f2 ./Drivers/STM32F4xx_HAL_Driver/Src/stm32f4xx_hal_rcc.o
 .debug_info    0x000000000000aa04      0x5a5 ./Drivers/STM32F4xx_HAL_Driver/Src/stm32f4xx_hal_rcc_ex.o
 .debug_info    0x000000000000afa9     0x2f56 ./Drivers/STM32F4xx_HAL_Driver/Src/stm32f4xx_hal_uart.o
 .debug_info    0x000000000000deff     0x1993 ./Drivers/STM32F4xx_HAL_Driver/Src/stm32f4xx_ll_usb.o
 .debug_info    0x000000000000f892      0xcbf ./Middlewares/ST/STM32_USB_Device_Library/Class/CustomHID/Src/usbd_customhid.o
 .debug_info    0x0000000000010551      0xe5f ./Middlewares/ST/STM32_USB_Device_Library/Core/Src/usbd_core.o
 .debug_info    0x00000000000113b0      0xb34 ./Middlewares/ST/STM32_USB_Device_Library/Core/Src/usbd_ctlreq.o
 .debug_info    0x0000000000011ee4      0x7ab ./Middlewares/ST/STM32_USB_Device_Library/Core/Src/usbd_ioreq.o
 .debug_info    0x000000000001268f      0x715 ./USB_DEVICE/App/usb_device.o
 .debug_info    0x0000000000012da4      0xcb5 ./USB_DEVICE/App/usbd_custom_hid_if.o
 .debug_info    0x0000000000013a59      0x4b1 ./USB_DEVICE/App/usbd_desc.o
 .debug_info    0x0000000000013f0a     0x1c77 ./USB_DEVICE/Target/usbd_conf.o

.debug_abbrev   0x0000000000000000     0x3add
 .debug_abbrev  0x0000000000000000      0x325 ./Core/Src/main.o
 .debug_abbrev  0x0000000000000325      0x244 ./Core/Src/stm32f4xx_hal_msp.o
 .debug_abbrev  0x0000000000000569      0x1f1 ./Core/Src/stm32f4xx_it.o
 .debug_abbrev  0x000000000000075a      0x11a ./Core/Src/system_stm32f4xx.o
 .debug_abbrev  0x0000000000000874       0x12 ./Core/Startup/startup_stm32f411retx.o
 .debug_abbrev  0x0000000000000886      0x24b ./Drivers/STM32F4xx_HAL_Driver/Src/stm32f4xx_hal.o
 .debug_abbrev  0x0000000000000ad1      0x20e ./Drivers/STM32F4xx_HAL_Driver/Src/stm32f4xx_hal_adc.o
 .debug_abbrev  0x0000000000000cdf      0x328 ./Drivers/STM32F4xx_HAL_Driver/Src/stm32f4xx_hal_cortex.o
 .debug_abbrev  0x0000000000001007      0x221 ./Drivers/STM32F4xx_HAL_Driver/Src/stm32f4xx_hal_dma.o
 .debug_abbrev  0x0000000000001228      0x1d3 ./Drivers/STM32F4xx_HAL_Driver/Src/stm32f4xx_hal_gpio.o
 .debug_abbrev  0x00000000000013fb      0x265 ./Drivers/STM32F4xx_HAL_Driver/Src/stm32f4xx_hal_i2s.o
 .debug_abbrev  0x0000000000001660      0x297 ./Drivers/STM32F4xx_HAL_Driver/Src/stm32f4xx_hal_i2s_ex.o
 .debug_abbrev  0x00000000000018f7      0x2b6 ./Drivers/STM32F4xx_HAL_Driver/Src/stm32f4xx_hal_pcd.o
 .debug_abbrev  0x0000000000001bad      0x1da ./Drivers/STM32F4xx_HAL_Driver/Src/stm32f4xx_hal_pcd_ex.o
 .debug_abbrev  0x0000000000001d87      0x2b5 ./Drivers/STM32F4xx_HAL_Driver/Src/stm32f4xx_hal_rcc.o
 .debug_abbrev  0x000000000000203c      0x1b1 ./Drivers/STM32F4xx_HAL_Driver/Src/stm32f4xx_hal_rcc_ex.o
 .debug_abbrev  0x00000000000021ed      0x31b ./Drivers/STM32F4xx_HAL_Driver/Src/stm32f4xx_hal_uart.o
 .debug_abbrev  0x0000000000002508      0x2b3 ./Drivers/STM32F4xx_HAL_Driver/Src/stm32f4xx_ll_usb.o
 .debug_abbrev  0x00000000000027bb      0x2e0 ./Middlewares/ST/STM32_USB_Device_Library/Class/CustomHID/Src/usbd_customhid.o
 .debug_abbrev  0x0000000000002a9b      0x29c ./Middlewares/ST/STM32_USB_Device_Library/Core/Src/usbd_core.o
 .debug_abbrev  0x0000000000002d37      0x27f ./Middlewares/ST/STM32_USB_Device_Library/Core/Src/usbd_ctlreq.o
 .debug_abbrev  0x0000000000002fb6      0x1cc ./Middlewares/ST/STM32_USB_Device_Library/Core/Src/usbd_ioreq.o
 .debug_abbrev  0x0000000000003182      0x1c6 ./USB_DEVICE/App/usb_device.o
 .debug_abbrev  0x0000000000003348      0x246 ./USB_DEVICE/App/usbd_custom_hid_if.o
 .debug_abbrev  0x000000000000358e      0x209 ./USB_DEVICE/App/usbd_desc.o
 .debug_abbrev  0x0000000000003797      0x346 ./USB_DEVICE/Target/usbd_conf.o

.debug_aranges  0x0000000000000000     0x10d8
 .debug_aranges
                0x0000000000000000       0x58 ./Core/Src/main.o
 .debug_aranges
                0x0000000000000058       0x50 ./Core/Src/stm32f4xx_hal_msp.o
 .debug_aranges
                0x00000000000000a8       0x78 ./Core/Src/stm32f4xx_it.o
 .debug_aranges
                0x0000000000000120       0x28 ./Core/Src/system_stm32f4xx.o
 .debug_aranges
                0x0000000000000148       0x28 ./Core/Startup/startup_stm32f411retx.o
 .debug_aranges
                0x0000000000000170       0xf0 ./Drivers/STM32F4xx_HAL_Driver/Src/stm32f4xx_hal.o
 .debug_aranges
                0x0000000000000260       0xe8 ./Drivers/STM32F4xx_HAL_Driver/Src/stm32f4xx_hal_adc.o
 .debug_aranges
                0x0000000000000348      0x120 ./Drivers/STM32F4xx_HAL_Driver/Src/stm32f4xx_hal_cortex.o
 .debug_aranges
                0x0000000000000468       0x90 ./Drivers/STM32F4xx_HAL_Driver/Src/stm32f4xx_hal_dma.o
 .debug_aranges
                0x00000000000004f8       0x58 ./Drivers/STM32F4xx_HAL_Driver/Src/stm32f4xx_hal_gpio.o
 .debug_aranges
                0x0000000000000550      0x108 ./Drivers/STM32F4xx_HAL_Driver/Src/stm32f4xx_hal_i2s.o
 .debug_aranges
                0x0000000000000658       0x88 ./Drivers/STM32F4xx_HAL_Driver/Src/stm32f4xx_hal_i2s_ex.o
 .debug_aranges
                0x00000000000006e0      0x148 ./Drivers/STM32F4xx_HAL_Driver/Src/stm32f4xx_hal_pcd.o
 .debug_aranges
                0x0000000000000828       0x38 ./Drivers/STM32F4xx_HAL_Driver/Src/stm32f4xx_hal_pcd_ex.o
 .debug_aranges
                0x0000000000000860       0x88 ./Drivers/STM32F4xx_HAL_Driver/Src/stm32f4xx_hal_rcc.o
 .debug_aranges
                0x00000000000008e8       0x50 ./Drivers/STM32F4xx_HAL_Driver/Src/stm32f4xx_hal_rcc_ex.o
 .debug_aranges
                0x0000000000000938      0x208 ./Drivers/STM32F4xx_HAL_Driver/Src/stm32f4xx_hal_uart.o
 .debug_aranges
                0x0000000000000b40      0x1a0 ./Drivers/STM32F4xx_HAL_Driver/Src/stm32f4xx_ll_usb.o
 .debug_aranges
                0x0000000000000ce0       0x80 ./Middlewares/ST/STM32_USB_Device_Library/Class/CustomHID/Src/usbd_customhid.o
 .debug_aranges
                0x0000000000000d60       0xd8 ./Middlewares/ST/STM32_USB_Device_Library/Core/Src/usbd_core.o
 .debug_aranges
                0x0000000000000e38       0x90 ./Middlewares/ST/STM32_USB_Device_Library/Core/Src/usbd_ctlreq.o
 .debug_aranges
                0x0000000000000ec8       0x50 ./Middlewares/ST/STM32_USB_Device_Library/Core/Src/usbd_ioreq.o
 .debug_aranges
                0x0000000000000f18       0x20 ./USB_DEVICE/App/usb_device.o
 .debug_aranges
                0x0000000000000f38       0x30 ./USB_DEVICE/App/usbd_custom_hid_if.o
 .debug_aranges
                0x0000000000000f68       0x60 ./USB_DEVICE/App/usbd_desc.o
 .debug_aranges
                0x0000000000000fc8      0x110 ./USB_DEVICE/Target/usbd_conf.o

.debug_rnglists
                0x0000000000000000      0xcc7
 .debug_rnglists
                0x0000000000000000       0x41 ./Core/Src/main.o
 .debug_rnglists
                0x0000000000000041       0x3a ./Core/Src/stm32f4xx_hal_msp.o
 .debug_rnglists
                0x000000000000007b       0x55 ./Core/Src/stm32f4xx_it.o
 .debug_rnglists
                0x00000000000000d0       0x1a ./Core/Src/system_stm32f4xx.o
 .debug_rnglists
                0x00000000000000ea       0x19 ./Core/Startup/startup_stm32f411retx.o
 .debug_rnglists
                0x0000000000000103       0xaf ./Drivers/STM32F4xx_HAL_Driver/Src/stm32f4xx_hal.o
 .debug_rnglists
                0x00000000000001b2       0xb5 ./Drivers/STM32F4xx_HAL_Driver/Src/stm32f4xx_hal_adc.o
 .debug_rnglists
                0x0000000000000267       0xd4 ./Drivers/STM32F4xx_HAL_Driver/Src/stm32f4xx_hal_cortex.o
 .debug_rnglists
                0x000000000000033b       0x70 ./Drivers/STM32F4xx_HAL_Driver/Src/stm32f4xx_hal_dma.o
 .debug_rnglists
                0x00000000000003ab       0x3f ./Drivers/STM32F4xx_HAL_Driver/Src/stm32f4xx_hal_gpio.o
 .debug_rnglists
                0x00000000000003ea       0xcc ./Drivers/STM32F4xx_HAL_Driver/Src/stm32f4xx_hal_i2s.o
 .debug_rnglists
                0x00000000000004b6       0x6a ./Drivers/STM32F4xx_HAL_Driver/Src/stm32f4xx_hal_i2s_ex.o
 .debug_rnglists
                0x0000000000000520       0xfa ./Drivers/STM32F4xx_HAL_Driver/Src/stm32f4xx_hal_pcd.o
 .debug_rnglists
                0x000000000000061a       0x26 ./Drivers/STM32F4xx_HAL_Driver/Src/stm32f4xx_hal_pcd_ex.o
 .debug_rnglists
                0x0000000000000640       0x66 ./Drivers/STM32F4xx_HAL_Driver/Src/stm32f4xx_hal_rcc.o
 .debug_rnglists
                0x00000000000006a6       0x3c ./Drivers/STM32F4xx_HAL_Driver/Src/stm32f4xx_hal_rcc_ex.o
 .debug_rnglists
                0x00000000000006e2      0x1bc ./Drivers/STM32F4xx_HAL_Driver/Src/stm32f4xx_hal_uart.o
 .debug_rnglists
                0x000000000000089e      0x147 ./Drivers/STM32F4xx_HAL_Driver/Src/stm32f4xx_ll_usb.o
 .debug_rnglists
                0x00000000000009e5       0x5e ./Middlewares/ST/STM32_USB_Device_Library/Class/CustomHID/Src/usbd_customhid.o
 .debug_rnglists
                0x0000000000000a43       0xa1 ./Middlewares/ST/STM32_USB_Device_Library/Core/Src/usbd_core.o
 .debug_rnglists
                0x0000000000000ae4       0x6e ./Middlewares/ST/STM32_USB_Device_Library/Core/Src/usbd_ctlreq.o
 .debug_rnglists
                0x0000000000000b52       0x37 ./Middlewares/ST/STM32_USB_Device_Library/Core/Src/usbd_ioreq.o
 .debug_rnglists
                0x0000000000000b89       0x13 ./USB_DEVICE/App/usb_device.o
 .debug_rnglists
                0x0000000000000b9c       0x1f ./USB_DEVICE/App/usbd_custom_hid_if.o
 .debug_rnglists
                0x0000000000000bbb       0x43 ./USB_DEVICE/App/usbd_desc.o
 .debug_rnglists
                0x0000000000000bfe       0xc9 ./USB_DEVICE/Target/usbd_conf.o

.debug_macro    0x0000000000000000    0x1a57c
 .debug_macro   0x0000000000000000      0x3d7 ./Core/Src/main.o
 .debug_macro   0x00000000000003d7      0xaa8 ./Core/Src/main.o
 .debug_macro   0x0000000000000e7f      0x2a7 ./Core/Src/main.o
 .debug_macro   0x0000000000001126       0x2e ./Core/Src/main.o
 .debug_macro   0x0000000000001154       0x28 ./Core/Src/main.o
 .debug_macro   0x000000000000117c       0x22 ./Core/Src/main.o
 .debug_macro   0x000000000000119e       0x8e ./Core/Src/main.o
 .debug_macro   0x000000000000122c       0x51 ./Core/Src/main.o
 .debug_macro   0x000000000000127d      0x103 ./Core/Src/main.o
 .debug_macro   0x0000000000001380       0x6a ./Core/Src/main.o
 .debug_macro   0x00000000000013ea      0x1df ./Core/Src/main.o
 .debug_macro   0x00000000000015c9       0x1c ./Core/Src/main.o
 .debug_macro   0x00000000000015e5       0x22 ./Core/Src/main.o
 .debug_macro   0x0000000000001607       0xfb ./Core/Src/main.o
 .debug_macro   0x0000000000001702     0x1011 ./Core/Src/main.o
 .debug_macro   0x0000000000002713      0x11f ./Core/Src/main.o
 .debug_macro   0x0000000000002832     0xb953 ./Core/Src/main.o
 .debug_macro   0x000000000000e185       0x6d ./Core/Src/main.o
 .debug_macro   0x000000000000e1f2     0x368c ./Core/Src/main.o
 .debug_macro   0x000000000001187e      0x174 ./Core/Src/main.o
 .debug_macro   0x00000000000119f2       0x5c ./Core/Src/main.o
 .debug_macro   0x0000000000011a4e      0x45c ./Core/Src/main.o
 .debug_macro   0x0000000000011eaa      0x9e9 ./Core/Src/main.o
 .debug_macro   0x0000000000012893      0x115 ./Core/Src/main.o
 .debug_macro   0x00000000000129a8      0x11b ./Core/Src/main.o
 .debug_macro   0x0000000000012ac3       0xa5 ./Core/Src/main.o
 .debug_macro   0x0000000000012b68      0x15f ./Core/Src/main.o
 .debug_macro   0x0000000000012cc7      0x287 ./Core/Src/main.o
 .debug_macro   0x0000000000012f4e       0x5f ./Core/Src/main.o
 .debug_macro   0x0000000000012fad      0x236 ./Core/Src/main.o
 .debug_macro   0x00000000000131e3      0x9e1 ./Core/Src/main.o
 .debug_macro   0x0000000000013bc4      0x38b ./Core/Src/main.o
 .debug_macro   0x0000000000013f4f      0x17d ./Core/Src/main.o
 .debug_macro   0x00000000000140cc       0xf9 ./Core/Src/main.o
 .debug_macro   0x00000000000141c5      0x132 ./Core/Src/main.o
 .debug_macro   0x00000000000142f7      0x264 ./Core/Src/main.o
 .debug_macro   0x000000000001455b       0x2e ./Core/Src/main.o
 .debug_macro   0x0000000000014589      0x1a7 ./Core/Src/main.o
 .debug_macro   0x0000000000014730       0x46 ./Core/Src/main.o
 .debug_macro   0x0000000000014776       0x4a ./Core/Src/main.o
 .debug_macro   0x00000000000147c0      0x127 ./Core/Src/main.o
 .debug_macro   0x00000000000148e7       0x85 ./Core/Src/main.o
 .debug_macro   0x000000000001496c       0x89 ./Core/Src/main.o
 .debug_macro   0x00000000000149f5      0x2aa ./Core/Src/main.o
 .debug_macro   0x0000000000014c9f      0x293 ./Core/Src/main.o
 .debug_macro   0x0000000000014f32       0xba ./Core/Src/main.o
 .debug_macro   0x0000000000014fec      0x126 ./Core/Src/main.o
 .debug_macro   0x0000000000015112       0xa0 ./Core/Src/main.o
 .debug_macro   0x00000000000151b2       0x61 ./Core/Src/main.o
 .debug_macro   0x0000000000015213       0x2a ./Core/Src/main.o
 .debug_macro   0x000000000001523d       0x43 ./Core/Src/main.o
 .debug_macro   0x0000000000015280       0x34 ./Core/Src/main.o
 .debug_macro   0x00000000000152b4       0x16 ./Core/Src/main.o
 .debug_macro   0x00000000000152ca       0x35 ./Core/Src/main.o
 .debug_macro   0x00000000000152ff      0x369 ./Core/Src/main.o
 .debug_macro   0x0000000000015668       0x10 ./Core/Src/main.o
 .debug_macro   0x0000000000015678       0x16 ./Core/Src/main.o
 .debug_macro   0x000000000001568e       0x43 ./Core/Src/main.o
 .debug_macro   0x00000000000156d1       0x34 ./Core/Src/main.o
 .debug_macro   0x0000000000015705       0x10 ./Core/Src/main.o
 .debug_macro   0x0000000000015715       0x58 ./Core/Src/main.o
 .debug_macro   0x000000000001576d       0x8e ./Core/Src/main.o
 .debug_macro   0x00000000000157fb       0x1c ./Core/Src/main.o
 .debug_macro   0x0000000000015817      0x177 ./Core/Src/main.o
 .debug_macro   0x000000000001598e       0x16 ./Core/Src/main.o
 .debug_macro   0x00000000000159a4       0x16 ./Core/Src/main.o
 .debug_macro   0x00000000000159ba      0x147 ./Core/Src/main.o
 .debug_macro   0x0000000000015b01       0x16 ./Core/Src/main.o
 .debug_macro   0x0000000000015b17       0x16 ./Core/Src/main.o
 .debug_macro   0x0000000000015b2d       0x29 ./Core/Src/main.o
 .debug_macro   0x0000000000015b56       0x16 ./Core/Src/main.o
 .debug_macro   0x0000000000015b6c       0x20 ./Core/Src/main.o
 .debug_macro   0x0000000000015b8c       0x78 ./Core/Src/main.o
 .debug_macro   0x0000000000015c04      0x20f ./Core/Src/main.o
 .debug_macro   0x0000000000015e13       0x65 ./Core/Src/main.o
 .debug_macro   0x0000000000015e78      0x238 ./Core/Src/stm32f4xx_hal_msp.o
 .debug_macro   0x00000000000160b0      0x242 ./Core/Src/stm32f4xx_it.o
 .debug_macro   0x00000000000162f2      0x21f ./Core/Src/system_stm32f4xx.o
 .debug_macro   0x0000000000016511      0x27f ./Drivers/STM32F4xx_HAL_Driver/Src/stm32f4xx_hal.o
 .debug_macro   0x0000000000016790      0x220 ./Drivers/STM32F4xx_HAL_Driver/Src/stm32f4xx_hal_adc.o
 .debug_macro   0x00000000000169b0      0x21f ./Drivers/STM32F4xx_HAL_Driver/Src/stm32f4xx_hal_cortex.o
 .debug_macro   0x0000000000016bcf      0x225 ./Drivers/STM32F4xx_HAL_Driver/Src/stm32f4xx_hal_dma.o
 .debug_macro   0x0000000000016df4      0x225 ./Drivers/STM32F4xx_HAL_Driver/Src/stm32f4xx_hal_gpio.o
 .debug_macro   0x0000000000017019      0x227 ./Drivers/STM32F4xx_HAL_Driver/Src/stm32f4xx_hal_i2s.o
 .debug_macro   0x0000000000017240      0x21f ./Drivers/STM32F4xx_HAL_Driver/Src/stm32f4xx_hal_i2s_ex.o
 .debug_macro   0x000000000001745f      0x22b ./Drivers/STM32F4xx_HAL_Driver/Src/stm32f4xx_hal_pcd.o
 .debug_macro   0x000000000001768a      0x21f ./Drivers/STM32F4xx_HAL_Driver/Src/stm32f4xx_hal_pcd_ex.o
 .debug_macro   0x00000000000178a9      0x243 ./Drivers/STM32F4xx_HAL_Driver/Src/stm32f4xx_hal_rcc.o
 .debug_macro   0x0000000000017aec      0x21f ./Drivers/STM32F4xx_HAL_Driver/Src/stm32f4xx_hal_rcc_ex.o
 .debug_macro   0x0000000000017d0b      0x220 ./Drivers/STM32F4xx_HAL_Driver/Src/stm32f4xx_hal_uart.o
 .debug_macro   0x0000000000017f2b      0x21f ./Drivers/STM32F4xx_HAL_Driver/Src/stm32f4xx_ll_usb.o
 .debug_macro   0x000000000001814a      0x3da ./Middlewares/ST/STM32_USB_Device_Library/Class/CustomHID/Src/usbd_customhid.o
 .debug_macro   0x0000000000018524       0x97 ./Middlewares/ST/STM32_USB_Device_Library/Class/CustomHID/Src/usbd_customhid.o
 .debug_macro   0x00000000000185bb       0xfd ./Middlewares/ST/STM32_USB_Device_Library/Class/CustomHID/Src/usbd_customhid.o
 .debug_macro   0x00000000000186b8       0x56 ./Middlewares/ST/STM32_USB_Device_Library/Class/CustomHID/Src/usbd_customhid.o
 .debug_macro   0x000000000001870e       0xdc ./Middlewares/ST/STM32_USB_Device_Library/Class/CustomHID/Src/usbd_customhid.o
 .debug_macro   0x00000000000187ea      0x3ae ./Middlewares/ST/STM32_USB_Device_Library/Core/Src/usbd_core.o
 .debug_macro   0x0000000000018b98      0x215 ./Middlewares/ST/STM32_USB_Device_Library/Core/Src/usbd_core.o
 .debug_macro   0x0000000000018dad      0x3b8 ./Middlewares/ST/STM32_USB_Device_Library/Core/Src/usbd_ctlreq.o